******************************************************************************
                  TI ARM Linker Unix v16.9.1                   
******************************************************************************
>> Linked Thu Jun 29 08:52:30 2017

OUTPUT FILE NAME:   <my_little_RTOS.out>
ENTRY POINT SYMBOL: "_c_int00"  address: 00004e51


MEMORY CONFIGURATION

         name            origin    length      used     unused   attr    fill
----------------------  --------  ---------  --------  --------  ----  --------
  FLASH                 00000000   00100000  000092e6  000f6d1a  R  X
  SRAM                  20000000   00040000  00001dc2  0003e23e  RW X


SEGMENT ALLOCATION MAP

run origin  load origin   length   init length attrs members
----------  ----------- ---------- ----------- ----- -------
00000000    00000000    000092f0   000092f0    r-x
  00000000    00000000    0000003c   0000003c    r-- .resetVecs
  00000040    00000040    00006d0a   00006d0a    r-x .text
  00006d4c    00006d4c    00002388   00002388    r-- .const
  000090d8    000090d8    00000218   00000218    r-- .cinit
20000000    20000000    00001dc4   00000000    rw-
  20000000    20000000    00000360   00000000    rw- .vecs
  20000360    20000360    00001328   00000000    rw- .bss
  20001688    20001688    0000043a   00000000    rw- .data
  20001ac4    20001ac4    00000300   00000000    rw- .stack


SECTION ALLOCATION MAP

 output                                  attributes/
section   page    origin      length       input sections
--------  ----  ----------  ----------   ----------------
.text      0    00000040    00006d0a     
                  00000040    00000430     sysbios.aem4f : BIOS.obj (.text:ti_sysbios_family_arm_m3_Hwi_excDumpRegs__I)
                  00000470    0000034c     ti.targets.arm.rtsarm.aem4f : System.oem4f (.text:xdc_runtime_System_doPrint__I)
                  000007bc    00000324     rtsv7M4_T_le_v4SPD16_eabi.lib : trgdrv.obj (.text)
                  00000ae0    000002c8     sysbios.aem4f : BIOS.obj (.text:ti_sysbios_knl_Semaphore_pend__E)
                  00000da8    00000258                   : BIOS.obj (.text:ti_sysbios_heaps_HeapMem_free__E)
                  00001000    00000248                   : BIOS.obj (.text:ti_sysbios_heaps_HeapMem_alloc__E)
                  00001248    00000224                   : BIOS.obj (.text:ti_sysbios_knl_Task_Instance_finalize__E)
                  0000146c    0000020c     drivers_tivaware.aem4f : UARTTiva.oem4f (.text:UARTTiva_open)
                  00001678    00000204     Boot.aem4f : Boot_sysctl.oem4f (.text:ti_catalog_arm_cortexm4_tiva_ce_Boot_sysCtlClockFreqSetI__I)
                  0000187c    00000004     driverlib.lib : uart.obj (.text:UARTIntClear)
                  00001880    000001fc     sysbios.aem4f : BIOS.obj (.text:ti_sysbios_family_arm_m3_Hwi_excHandlerMax__I)
                  00001a7c    000001ec     empty.obj (.text:senderFxn)
                  00001c68    000001c8     sysbios.aem4f : BIOS.obj (.text:ti_sysbios_knl_Task_Instance_init__E)
                  00001e30    00000174                   : BIOS.obj (.text:ti_sysbios_family_arm_m3_Hwi_excBusFault__I)
                  00001fa4    00000004     empty_pem4f.oem4f (.text:ti_sysbios_BIOS_RtsGateProxy_enter__E)
                  00001fa8    00000164     sysbios.aem4f : BIOS.obj (.text:ti_sysbios_family_arm_m3_Hwi_excUsageFault__I)
                  0000210c    00000004     empty_pem4f.oem4f (.text:ti_sysbios_BIOS_RtsGateProxy_leave__E)
                  00002110    00000154     sysbios.aem4f : BIOS.obj (.text:ti_sysbios_knl_Mailbox_Instance_init__E)
                  00002264    00000150     drivers_tivaware.aem4f : GPIOTiva.oem4f (.text:GPIO_setConfig)
                  000023b4    00000004     sysbios.aem4f : BIOS.obj (.text:ti_sysbios_family_arm_lm4_Timer_masterEnable__I)
                  000023b8    00000148                   : BIOS.obj (.text:ti_sysbios_family_arm_m3_Hwi_excMemFault__I)
                  00002500    0000013c                   : BIOS.obj (.text:ti_sysbios_heaps_HeapMem_Instance_init__E)
                  0000263c    00000130     driverlib.lib : gpio.obj (.text:GPIOPadConfigSet)
                  0000276c    00000004     empty_pem4f.oem4f (.text:ti_sysbios_family_arm_m3_Hwi_destruct)
                  00002770    00000120     sysbios.aem4f : BIOS.obj (.text:ti_sysbios_family_arm_lm4_Timer_start__E)
                  00002890    0000011c                   : BIOS.obj (.text:ti_sysbios_knl_Clock_Instance_init__E)
                  000029ac    00000118     ti.targets.arm.rtsarm.aem4f : Error.oem4f (.text:xdc_runtime_Error_policyDefault__E)
                  00002ac4    00000108     empty.obj (.text:main)
                  00002bcc    00000100     ti.targets.arm.rtsarm.aem4f : Core-mem.oem4f (.text:xdc_runtime_Core_createObject__I)
                  00002ccc    000000f8                                 : Startup.oem4f (.text:xdc_runtime_Startup_startMods__I)
                  00002dc4    000000f8     empty_pem4f.oem4f (.text:xdc_runtime_System_printfExtend__I)
                  00002ebc    000000f4     sysbios.aem4f : m3_Hwi_asm.obj (.text:ti_sysbios_family_arm_m3_Hwi_dispatch__I)
                  00002fb0    000000ec                   : BIOS.obj (.text:ti_sysbios_knl_Semaphore_post__E)
                  0000309c    000000cc     ti.targets.arm.rtsarm.aem4f : Core-smem.oem4f (.text:xdc_runtime_Core_constructObject__I)
                  00003168    000000bc     sysbios.aem4f : BIOS.obj (.text:ti_sysbios_family_arm_m3_Hwi_excDebugMon__I)
                  00003224    00000004     empty_pem4f.oem4f (.text:ti_sysbios_family_arm_m3_TaskSupport_Module__startupDone__S)
                  00003228    000000bc     sysbios.aem4f : BIOS.obj (.text:ti_sysbios_family_arm_m3_Hwi_excHardFault__I)
                  000032e4    000000b8     EK_TM4C1294XL.obj (.text:EK_TM4C1294XL_initGeneral)
                  0000339c    00000004     empty_pem4f.oem4f (.text:ti_sysbios_heaps_HeapMem_Module_GateProxy_enter__E)
                  000033a0    000000b4     sysbios.aem4f : BIOS.obj (.text:ti_sysbios_gates_GateMutex_enter__E)
                  00003454    00000004     empty_pem4f.oem4f (.text:ti_sysbios_heaps_HeapMem_Module_GateProxy_leave__E)
                  00003458    000000b4     sysbios.aem4f : BIOS.obj (.text:ti_sysbios_knl_Task_checkStacks__E)
                  0000350c    000000ac     drivers_tivaware.aem4f : UARTTiva.oem4f (.text:readTaskBlocking)
                  000035b8    000000ac     sysbios.aem4f : BIOS.obj (.text:ti_sysbios_family_arm_lm4_Timer_enableTiva__I)
                  00003664    00000004     empty_pem4f.oem4f (.text:ti_sysbios_knl_Clock_TimerProxy_getMaxTicks__E)
                  00003668    000000a8     sysbios.aem4f : BIOS.obj (.text:ti_sysbios_family_arm_lm4_Timer_enableTimers__I)
                  00003710    000000a4                   : BIOS.obj (.text:ti_sysbios_knl_Clock_Instance_finalize__E)
                  000037b4    000000a0     auto_init.aem4f : auto_init.oem4f (.text)
                  00003854    000000a0     ti.targets.arm.rtsarm.aem4f : Text.oem4f (.text:xdc_runtime_Text_putMod__E)
                  000038f4    0000009c     rtsv7M4_T_le_v4SPD16_eabi.lib : memcpy_t2.obj (.text)
                  00003990    0000009c     sysbios.aem4f : BIOS.obj (.text:ti_sysbios_knl_Semaphore_Instance_init__E)
                  00003a2c    00000004     empty_pem4f.oem4f (.text:ti_sysbios_knl_Clock_destruct)
                  00003a30    0000009c     sysbios.aem4f : BIOS.obj (.text:ti_sysbios_knl_Task_postInit__I)
                  00003acc    0000009a     ti.targets.arm.rtsarm.aem4f : Text.oem4f (.text:xdc_runtime_Text_putSite__E)
                  00003b66    00000098     drivers_tivaware.aem4f : UARTTiva.oem4f (.text:UARTTiva_readPolling)
                  00003bfe    00000002     rtsv7M4_T_le_v4SPD16_eabi.lib : i_div0.obj (.text)
                  00003c00    00000098     Boot.aem4f : Boot.oem4f (.text:ti_catalog_arm_cortexm4_tiva_ce_Boot_sysCtlClockFreqSet__E)
                  00003c98    00000094     drivers_tivaware.aem4f : UARTTiva.oem4f (.text:UARTTiva_write)
                  00003d2c    00000004     empty_pem4f.oem4f (.text:ti_sysbios_knl_Queue_destruct)
                  00003d30    00000094     sysbios.aem4f : BIOS.obj (.text:ti_sysbios_family_arm_m3_Hwi_Instance_init__E)
                  00003dc4    00000004     empty_pem4f.oem4f (.text:ti_sysbios_knl_Semaphore_destruct)
                  00003dc8    00000094     sysbios.aem4f : BIOS.obj (.text:ti_sysbios_family_arm_m3_Hwi_initNVIC__E)
                  00003e5c    0000008c     drivers_tivaware.aem4f : GPIOTiva.oem4f (.text:GPIO_init)
                  00003ee8    0000008c                            : UARTTiva.oem4f (.text:UARTTiva_control)
                  00003f74    0000008c     sysbios.aem4f : m3_TaskSupport_asm.obj (.text:ti_sysbios_family_arm_m3_TaskSupport_buildTaskStack)
                  00004000    0000008c                   : BIOS.obj (.text:ti_sysbios_knl_Mailbox_pend__E)
                  0000408c    0000008a     drivers_tivaware.aem4f : UARTTiva.oem4f (.text:readIsrTextBlocking)
                  00004116    00000002     empty_pem4f.oem4f (.text:ti_sysbios_BIOS_nullFunc__I)
                  00004118    00000088     sysbios.aem4f : BIOS.obj (.text:ti_sysbios_knl_Mailbox_Module_startup__E)
                  000041a0    00000088                   : BIOS.obj (.text:ti_sysbios_knl_Mailbox_post__E)
                  00004228    00000084                   : BIOS.obj (.text:ti_sysbios_family_arm_m3_Hwi_postInit__I)
                  000042ac    00000082     drivers_tivaware.aem4f : UARTTiva.oem4f (.text:readIsrTextCallback)
                  0000432e    0000007a                            : UARTTiva.oem4f (.text:readTaskCallback)
                  000043a8    0000007a     rtsv7M4_T_le_v4SPD16_eabi.lib : memset_t2.obj (.text)
                  00004422    00000002     empty_pem4f.oem4f (.text:xdc_runtime_Startup_reset__I)
                  00004424    00000074     empty.obj (.text:altLED)
                  00004498    00000074     sysbios.aem4f : BIOS.obj (.text:ti_sysbios_knl_Clock_start__E)
                  0000450c    00000004     ti.targets.arm.rtsarm.aem4f : Error.oem4f (.text:xdc_runtime_Error_getSite__E)
                  00004510    00000070     sysbios.aem4f : BIOS.obj (.text:ti_sysbios_knl_Mailbox_Instance_finalize__E)
                  00004580    00000070                   : BIOS.obj (.text:ti_sysbios_knl_Task_exit__E)
                  000045f0    0000006d     ti.targets.arm.rtsarm.aem4f : System.oem4f (.text:xdc_runtime_System_formatNum__I)
                  0000465d    00000003     --HOLE-- [fill = 0]
                  00004660    0000006c     sysbios.aem4f : BIOS.obj (.text:ti_sysbios_knl_Clock_workFunc__E)
                  000046cc    00000004     empty_pem4f.oem4f (.text:xdc_runtime_System_Module_GateProxy_enter__E)
                  000046d0    0000006c     sysbios.aem4f : BIOS.obj (.text:ti_sysbios_knl_Swi_restoreHwi__E)
                  0000473c    0000006c     drivers_tivaware.aem4f : UARTTiva.oem4f (.text:writeData)
                  000047a8    0000006c     ti.targets.arm.rtsarm.aem4f : Error.oem4f (.text:xdc_runtime_Error_print__E)
                  00004814    0000006c                                 : Memory.oem4f (.text:xdc_runtime_Memory_alloc__E)
                  00004880    00000068     rtsv7M4_T_le_v4SPD16_eabi.lib : copy_decompress_lzss.obj (.text:decompress:lzss)
                  000048e8    00000068     empty.obj (.text:recieverFxn)
                  00004950    00000068     rtsv7M4_T_le_v4SPD16_eabi.lib : trgmsg.obj (.text)
                  000049b8    00000066     ti.targets.arm.rtsarm.aem4f : Core-mem.oem4f (.text:xdc_runtime_Core_deleteObject__I)
                  00004a1e    00000002     --HOLE-- [fill = 0]
                  00004a20    00000064     drivers_tivaware.aem4f : GPIOTiva.oem4f (.text:GPIO_hwiIntFxn)
                  00004a84    00000004     empty_pem4f.oem4f (.text:xdc_runtime_System_Module_GateProxy_leave__E)
                  00004a88    00000064     sysbios.aem4f : BIOS.obj (.text:ti_sysbios_family_arm_lm4_Timer_Module_startup__E)
                  00004aec    00000064     empty_pem4f.oem4f (.text:ti_sysbios_family_arm_m3_Hwi_create)
                  00004b50    00000064     sysbios.aem4f : BIOS.obj (.text:ti_sysbios_family_arm_m3_Hwi_dispatchC__I)
                  00004bb4    00000004     ti.targets.arm.rtsarm.aem4f : System.oem4f (.text:xdc_runtime_System_aprintf_va__F)
                  00004bb8    00000060     sysbios.aem4f : BIOS.obj (.text:ti_sysbios_knl_Task_schedule__I)
                  00004c18    0000005e     drivers_tivaware.aem4f : UARTTiva.oem4f (.text:readIsrBinaryBlocking)
                  00004c76    00000002     --HOLE-- [fill = 0]
                  00004c78    0000005c     sysbios.aem4f : BIOS.obj (.text:ti_sysbios_knl_Swi_run__I)
                  00004cd4    00000004     ti.targets.arm.rtsarm.aem4f : System.oem4f (.text:xdc_runtime_System_printf_va__F)
                  00004cd8    0000005c     sysbios.aem4f : BIOS.obj (.text:ti_sysbios_knl_Swi_schedule__I)
                  00004d34    00000004     --HOLE-- [fill = 0]
                  00004d38    0000005c                   : BIOS.obj (.text:ti_sysbios_knl_Task_Module_startup__E)
                  00004d94    00000004     --HOLE-- [fill = 0]
                  00004d98    0000005c                   : BIOS.obj (.text:ti_sysbios_knl_Task_startCore__E)
                  00004df4    0000005b     ti.targets.arm.rtsarm.aem4f : Text.oem4f (.text:xdc_runtime_Text_putLab__E)
                  00004e4f    00000001     --HOLE-- [fill = 0]
                  00004e50    00000058     boot.aem4f : boot.oem4f (.text)
                  00004ea8    00000058     empty_pem4f.oem4f (.text:ti_sysbios_family_arm_m3_Hwi_construct)
                  00004f00    00000058     sysbios.aem4f : m3_Hwi_asm_switch.obj (.text:ti_sysbios_family_arm_m3_Hwi_initStacks__E)
                  00004f58    00000058     empty_pem4f.oem4f (.text:ti_sysbios_knl_Mailbox_construct)
                  00004fb0    00000056     driverlib.lib : gpio.obj (.text:GPIOIntTypeSet)
                  00005006    00000054     drivers_tivaware.aem4f : UARTTiva.oem4f (.text:readIsrBinaryCallback)
                  0000505a    00000002     --HOLE-- [fill = 0]
                  0000505c    00000054     rtsv7M4_T_le_v4SPD16_eabi.lib : exit.obj (.text)
                  000050b0    00000054     empty_pem4f.oem4f (.text:ti_sysbios_knl_Task_construct)
                  00005104    00000054     ti.targets.arm.rtsarm.aem4f : Assert.oem4f (.text:xdc_runtime_Assert_raise__I)
                  00005158    00000050     drivers_tivaware.aem4f : GPIOTiva.oem4f (.text:GPIO_setCallback)
                  000051a8    00000050                            : GPIOTiva.oem4f (.text:GPIO_toggle)
                  000051f8    00000050                            : GPIOTiva.oem4f (.text:GPIO_write)
                  00005248    00000050                            : UARTTiva.oem4f (.text:UARTTiva_writeCancel)
                  00005298    00000050     Boot.aem4f : Boot_sysctl.oem4f (.text:_SysCtlFrequencyGet)
                  000052e8    00000050     sysbios.aem4f : BIOS.obj (.text:ti_sysbios_family_arm_m3_Hwi_Module_startup__E)
                  00005338    00000050     ti.targets.arm.rtsarm.aem4f : Startup.oem4f (.text:xdc_runtime_Startup_exec__E)
                  00005388    00000050                                 : Text.oem4f (.text:xdc_runtime_Text_visitRope2__I)
                  000053d8    0000004c     drivers_tivaware.aem4f : UARTTiva.oem4f (.text:UARTTiva_close)
                  00005424    0000004c     rtsv7M4_T_le_v4SPD16_eabi.lib : cpy_tbl.obj (.text)
                  00005470    0000004c     sysbios.aem4f : BIOS.obj (.text:ti_sysbios_heaps_HeapMem_getStats__E)
                  000054bc    00000004     --HOLE-- [fill = 0]
                  000054c0    0000004c                   : BIOS.obj (.text:ti_sysbios_knl_Swi_runLoop__I)
                  0000550c    00000004     --HOLE-- [fill = 0]
                  00005510    0000004c                   : BIOS.obj (.text:ti_sysbios_knl_Task_allBlockedFunction__I)
                  0000555c    00000048     driverlib.lib : gpio.obj (.text:GPIOPinConfigure)
                  000055a4    00000004     --HOLE-- [fill = 0]
                  000055a8    00000048     sysbios.aem4f : BIOS.obj (.text:ti_sysbios_family_arm_m3_Hwi_disableInterrupt__E)
                  000055f0    00000048                   : BIOS.obj (.text:ti_sysbios_family_arm_m3_Hwi_enableInterrupt__E)
                  00005638    00000048                   : BIOS.obj (.text:ti_sysbios_family_arm_m3_Hwi_excReserved__I)
                  00005680    00000046     drivers_tivaware.aem4f : RingBuf.oem4f (.text:RingBuf_put)
                  000056c6    00000046     ti.targets.arm.rtsarm.aem4f : Core-params.oem4f (.text:xdc_runtime_Core_assignParams__I)
                  0000570c    00000004     --HOLE-- [fill = 0]
                  00005710    00000044     sysbios.aem4f : BIOS.obj (.text:ti_sysbios_family_arm_lm4_Timer_isrStub__E)
                  00005754    00000004     --HOLE-- [fill = 0]
                  00005758    00000044                   : BIOS.obj (.text:ti_sysbios_family_arm_m3_Hwi_getStackInfo__E)
                  0000579c    00000004     --HOLE-- [fill = 0]
                  000057a0    00000044                   : BIOS.obj (.text:ti_sysbios_knl_Mailbox_postInit__I)
                  000057e4    00000004     --HOLE-- [fill = 0]
                  000057e8    00000044                   : BIOS.obj (.text:ti_sysbios_knl_Swi_post__E)
                  0000582c    00000044     ti.targets.arm.rtsarm.aem4f : Error.oem4f (.text:xdc_runtime_Error_setX__E)
                  00005870    00000044                                 : SysMin.oem4f (.text:xdc_runtime_SysMin_flush__E)
                  000058b4    00000044                                 : Text.oem4f (.text:xdc_runtime_Text_xprintf__I)
                  000058f8    00000042     driverlib.lib : uart.obj (.text:UARTConfigSetExpClk)
                  0000593a    00000042     drivers_tivaware.aem4f : UARTTiva.oem4f (.text:UARTTiva_hwiIntFxn)
                  0000597c    00000042                            : UARTTiva.oem4f (.text:UARTTiva_writePolling)
                  000059be    00000040                            : RingBuf.oem4f (.text:RingBuf_get)
                  000059fe    00000040                            : UARTTiva.oem4f (.text:UARTTiva_read)
                  00005a3e    00000040     rtsv7M4_T_le_v4SPD16_eabi.lib : u_divt2.obj (.text)
                  00005a7e    00000002     --HOLE-- [fill = 0]
                  00005a80    00000040     sysbios.aem4f : BIOS.obj (.text:ti_sysbios_family_arm_lm4_Timer_startup__E)
                  00005ac0    0000003c                   : BIOS.obj (.text:ti_sysbios_family_arm_m3_Hwi_excSvCall__I)
                  00005afc    00000004     --HOLE-- [fill = 0]
                  00005b00    0000003c                   : BIOS.obj (.text:ti_sysbios_heaps_HeapMem_init__I)
                  00005b3c    00000004     --HOLE-- [fill = 0]
                  00005b40    0000003c                   : BIOS.obj (.text:ti_sysbios_knl_Swi_restore__E)
                  00005b7c    00000038     drivers_tivaware.aem4f : UART.oem4f (.text:UART_init)
                  00005bb4    00000004     --HOLE-- [fill = 0]
                  00005bb8    00000038     sysbios.aem4f : BIOS.obj (.text:ti_sysbios_family_arm_m3_Hwi_excNoIsr__I)
                  00005bf0    00000038                   : BIOS.obj (.text:ti_sysbios_knl_Task_processVitalTaskFlag__I)
                  00005c28    00000038     ti.targets.arm.rtsarm.aem4f : SysMin.oem4f (.text:xdc_runtime_SysMin_putch__E)
                  00005c60    00000038                                 : System.oem4f (.text:xdc_runtime_System_atexit__E)
                  00005c98    00000036     drivers_tivaware.aem4f : UARTTiva.oem4f (.text:UARTTiva_readCancel)
                  00005cce    00000002     --HOLE-- [fill = 0]
                  00005cd0    00000034     driverlib.lib : sysctl.obj (.text:SysCtlPeripheralEnable)
                  00005d04    00000004     --HOLE-- [fill = 0]
                  00005d08    00000034     sysbios.aem4f : BIOS.obj (.text:ti_sysbios_family_arm_m3_Hwi_Instance_finalize__E)
                  00005d3c    00000004     --HOLE-- [fill = 0]
                  00005d40    00000034                   : BIOS.obj (.text:ti_sysbios_family_arm_m3_Hwi_excNmi__I)
                  00005d74    00000004     --HOLE-- [fill = 0]
                  00005d78    00000034                   : BIOS.obj (.text:ti_sysbios_hal_Hwi_checkStack)
                  00005dac    00000034     empty_pem4f.oem4f (.text:ti_sysbios_knl_Clock_construct)
                  00005de0    00000034     ti.targets.arm.rtsarm.aem4f : Core-label.oem4f (.text:xdc_runtime_Core_assignLabel__I)
                  00005e14    00000033                                 : Text.oem4f (.text:xdc_runtime_Text_printVisFxn__I)
                  00005e47    00000001     --HOLE-- [fill = 0]
                  00005e48    00000032     sysbios.aem4f : BIOS.obj (.text:ti_sysbios_hal_Hwi_initStack)
                  00005e7a    00000002     --HOLE-- [fill = 0]
                  00005e7c    00000030     drivers_tivaware.aem4f : UART.oem4f (.text:UART_open)
                  00005eac    00000030     empty_pem4f.oem4f (.text:ti_sysbios_BIOS_atExitFunc__I)
                  00005edc    00000004     --HOLE-- [fill = 0]
                  00005ee0    00000030     sysbios.aem4f : BIOS.obj (.text:ti_sysbios_family_arm_lm4_Timer_stop__E)
                  00005f10    00000030                   : BIOS.obj (.text:ti_sysbios_family_arm_m3_TaskSupport_start__E)
                  00005f40    00000030     empty_pem4f.oem4f (.text:ti_sysbios_gates_GateHwi_Object__create__S)
                  00005f70    00000030     empty_pem4f.oem4f (.text:ti_sysbios_gates_GateMutex_Object__create__S)
                  00005fa0    00000030     empty_pem4f.oem4f (.text:ti_sysbios_heaps_HeapMem_Object__create__S)
                  00005fd0    00000030     empty_pem4f.oem4f (.text:ti_sysbios_knl_Semaphore_construct)
                  00006000    00000030     sysbios.aem4f : BIOS.obj (.text:ti_sysbios_knl_Semaphore_pendTimeout__I)
                  00006030    00000030                   : BIOS.obj (.text:ti_sysbios_knl_Task_unblockI__E)
                  00006060    00000030     ti.targets.arm.rtsarm.aem4f : SysMin.oem4f (.text:xdc_runtime_SysMin_abort__E)
                  00006090    00000030                                 : System.oem4f (.text:xdc_runtime_System_processAtExit__E)
                  000060c0    0000002e     empty_pem4f.oem4f (.text:malloc)
                  000060ee    00000002     --HOLE-- [fill = 0]
                  000060f0    0000002c     EK_TM4C1294XL.obj (.text:EK_TM4C1294XL_initUART)
                  0000611c    0000002c     empty_pem4f.oem4f (.text:ti_sysbios_knl_Clock_doTick__I)
                  00006148    0000002c     empty_pem4f.oem4f (.text:ti_sysbios_knl_Queue_construct)
                  00006174    00000004     --HOLE-- [fill = 0]
                  00006178    0000002c     sysbios.aem4f : BIOS.obj (.text:ti_sysbios_knl_Task_restore__E)
                  000061a4    0000002c     ti.targets.arm.rtsarm.aem4f : Text.oem4f (.text:xdc_runtime_Text_cordText__E)
                  000061d0    0000002a     driverlib.lib : gpio.obj (.text:GPIODirModeSet)
                  000061fa    0000002a     ti.targets.arm.rtsarm.aem4f : System.oem4f (.text:xdc_runtime_System_putchar__I)
                  00006224    00000004     --HOLE-- [fill = 0]
                  00006228    00000028     sysbios.aem4f : BIOS.obj (.text:ti_sysbios_knl_Swi_Module_startup__E)
                  00006250    00000026                   : m3_Hwi_asm.obj (.text:ti_sysbios_family_arm_m3_Hwi_pendSV__I)
                  00006276    00000026     ti.targets.arm.rtsarm.aem4f : System.oem4f (.text:xdc_runtime_System_avprintf__E)
                  0000629c    00000024     empty_pem4f.oem4f (.text:ti_sysbios_BIOS_errorRaiseHook__I)
                  000062c0    00000024     empty_pem4f.oem4f (.text:ti_sysbios_BIOS_registerRTSLock__I)
                  000062e4    00000024     empty_pem4f.oem4f (.text:ti_sysbios_BIOS_removeRTSLock__I)
                  00006308    00000024     empty_pem4f.oem4f (.text:ti_sysbios_BIOS_startFunc__I)
                  0000632c    00000024     empty_pem4f.oem4f (.text:ti_sysbios_gates_GateMutex_Object__delete__S)
                  00006350    00000024     sysbios.aem4f : BIOS.obj (.text:ti_sysbios_knl_Clock_Module_startup__E)
                  00006374    00000004     --HOLE-- [fill = 0]
                  00006378    00000024                   : BIOS.obj (.text:ti_sysbios_knl_Task_restoreHwi__E)
                  0000639c    00000024     ti.targets.arm.rtsarm.aem4f : System.oem4f (.text:xdc_runtime_System_vprintf__E)
                  000063c0    00000022     sysbios.aem4f : BIOS.obj (.text:ti_sysbios_family_arm_lm4_Timer_write__I)
                  000063e2    00000022     empty_pem4f.oem4f (.text:xdc_runtime_SysMin_output__I)
                  00006404    00000020     Boot.aem4f : Boot_sysctl.oem4f (.text:_SysCtlMemTimingGet)
                  00006424    00000020     empty_pem4f.oem4f (.text:ti_sysbios_BIOS_rtsLock__I)
                  00006444    00000020     sysbios.aem4f : m3_Hwi_asm.obj (.text:ti_sysbios_family_arm_m3_Hwi_excHandlerAsm__I)
                  00006464    00000004     --HOLE-- [fill = 0]
                  00006468    00000020                   : BIOS.obj (.text:ti_sysbios_family_arm_m3_Hwi_excHandler__I)
                  00006488    00000020     empty_pem4f.oem4f (.text:ti_sysbios_gates_GateHwi_Object__delete__S)
                  000064a8    00000020     empty_pem4f.oem4f (.text:ti_sysbios_heaps_HeapMem_Object__delete__S)
                  000064c8    00000020     empty_pem4f.oem4f (.text:ti_sysbios_knl_Clock_Object__destruct__S)
                  000064e8    00000020     sysbios.aem4f : BIOS.obj (.text:ti_sysbios_knl_Idle_run__E)
                  00006508    00000020     empty_pem4f.oem4f (.text:ti_sysbios_knl_Semaphore_Object__destruct__S)
                  00006528    00000020     ti.targets.arm.rtsarm.aem4f : Registry.oem4f (.text:xdc_runtime_Registry_findById__E)
                  00006548    00000020                                 : SysMin.oem4f (.text:xdc_runtime_SysMin_Module_startup__E)
                  00006568    0000001e     sysbios.aem4f : m3_Hwi_asm_switch.obj (.text:ti_sysbios_family_xxx_Hwi_switchAndRunFunc)
                  00006586    00000002     --HOLE-- [fill = 0]
                  00006588    0000001c     driverlib.lib : uart.obj (.text:UARTDisable)
                  000065a4    0000001c     drivers_tivaware.aem4f : GPIOTiva.oem4f (.text:getGpioIntIndex)
                  000065c0    0000001c     empty_pem4f.oem4f (.text:ti_sysbios_family_arm_m3_Hwi_Object__destruct__S)
                  000065dc    00000004     --HOLE-- [fill = 0]
                  000065e0    0000001c     sysbios.aem4f : BIOS.obj (.text:ti_sysbios_gates_GateMutex_Instance_init__E)
                  000065fc    0000001c     empty_pem4f.oem4f (.text:ti_sysbios_knl_Queue_Object__destruct__S)
                  00006618    0000001c     sysbios.aem4f : BIOS.obj (.text:ti_sysbios_knl_Queue_put__E)
                  00006634    00000004     --HOLE-- [fill = 0]
                  00006638    0000001c                   : BIOS.obj (.text:ti_sysbios_knl_Task_enter__I)
                  00006654    0000001c     ti.targets.arm.rtsarm.aem4f : Error.oem4f (.text:xdc_runtime_Error_raiseX__E)
                  00006670    0000001c                                 : Memory.oem4f (.text:xdc_runtime_Memory_valloc__E)
                  0000668c    0000001c                                 : SysMin.oem4f (.text:xdc_runtime_SysMin_exit__E)
                  000066a8    0000001c                                 : System.oem4f (.text:xdc_runtime_System_abort__E)
                  000066c4    0000001a     empty_pem4f.oem4f (.text:ti_sysbios_family_arm_m3_Hwi_Handle__label__S)
                  000066de    0000001a     empty_pem4f.oem4f (.text:ti_sysbios_gates_GateHwi_Handle__label__S)
                  000066f8    0000001a     empty_pem4f.oem4f (.text:ti_sysbios_gates_GateMutex_Handle__label__S)
                  00006712    0000001a     empty_pem4f.oem4f (.text:ti_sysbios_heaps_HeapMem_Handle__label__S)
                  0000672c    0000001a     empty_pem4f.oem4f (.text:ti_sysbios_knl_Swi_Handle__label__S)
                  00006746    0000001a     empty_pem4f.oem4f (.text:ti_sysbios_knl_Task_Handle__label__S)
                  00006760    0000001a     empty_pem4f.oem4f (.text:xdc_runtime_System_aprintf__E)
                  0000677a    0000001a     empty_pem4f.oem4f (.text:xdc_runtime_System_printf__E)
                  00006794    00000018     drivers_tivaware.aem4f : UART.oem4f (.text:UART_Params_init)
                  000067ac    00000018     rtsv7M4_T_le_v4SPD16_eabi.lib : args_main.obj (.text)
                  000067c4    00000018                                   : strcmp.obj (.text)
                  000067dc    00000018     empty_pem4f.oem4f (.text:ti_sysbios_BIOS_rtsUnlock__I)
                  000067f4    00000018     empty_pem4f.oem4f (.text:ti_sysbios_family_arm_lm4_Timer_Module__startupDone__F)
                  0000680c    00000018     empty_pem4f.oem4f (.text:ti_sysbios_family_arm_m3_Hwi_Module__startupDone__F)
                  00006824    00000018     sysbios.aem4f : m3_TaskSupport_asm.obj (.text:ti_sysbios_family_arm_m3_TaskSupport_swap__E)
                  0000683c    00000004     --HOLE-- [fill = 0]
                  00006840    00000018                   : BIOS.obj (.text:ti_sysbios_gates_GateMutex_leave__E)
                  00006858    00000018     ti.targets.arm.rtsarm.aem4f : Error.oem4f (.text:xdc_runtime_Error_check__E)
                  00006870    00000018                                 : System.oem4f (.text:xdc_runtime_System_exit__E)
                  00006888    00000018                                 : Text.oem4f (.text:xdc_runtime_Text_ropeText__E)
                  000068a0    00000016     empty_pem4f.oem4f (.text:ti_sysbios_BIOS_exitFunc__I)
                  000068b6    00000016     empty.obj (.text:ti_sysbios_knl_Mailbox_Params_init)
                  000068cc    00000016     empty.obj (.text:ti_sysbios_knl_Task_Params_init)
                  000068e2    00000014     driverlib.lib : uart.obj (.text:UARTEnable)
                  000068f6    00000002     --HOLE-- [fill = 0]
                  000068f8    00000014     rtsv7M4_T_le_v4SPD16_eabi.lib : _lock.obj (.text)
                  0000690c    00000014                                   : strcpy.obj (.text)
                  00006920    00000014                                   : strlen.obj (.text)
                  00006934    00000014     empty_pem4f.oem4f (.text:ti_sysbios_family_arm_m3_Hwi_Object__get__S)
                  00006948    00000014     sysbios.aem4f : BIOS.obj (.text:ti_sysbios_family_arm_m3_Hwi_switchFromBootStack__E)
                  0000695c    00000014     empty_pem4f.oem4f (.text:ti_sysbios_heaps_HeapMem_Object__get__S)
                  00006970    00000014     empty_pem4f.oem4f (.text:ti_sysbios_knl_Swi_Object__get__S)
                  00006984    00000012     driverlib.lib : gpio.obj (.text:GPIOPinTypeUART)
                  00006996    00000012     drivers_tivaware.aem4f : RingBuf.oem4f (.text:RingBuf_construct)
                  000069a8    00000012     sysbios.aem4f : BIOS.obj (.text:ti_sysbios_hal_Hwi_Module_startup__E)
                  000069ba    00000012     empty_pem4f.oem4f (.text:xdc_runtime_Startup_exec__I)
                  000069cc    00000010     empty_pem4f.oem4f (.text:.bootCodeSection:ti_catalog_arm_cortexm4_tiva_ce_Boot_init__I)
                  000069dc    00000010     drivers_tivaware.aem4f : UARTTiva.oem4f (.text:readBlockingTimeout)
                  000069ec    00000004     --HOLE-- [fill = 0]
                  000069f0    00000010     sysbios.aem4f : BIOS.obj (.text:ti_sysbios_BIOS_getCpuFreq__E)
                  00006a00    00000010                   : BIOS.obj (.text:ti_sysbios_BIOS_setThreadType__E)
                  00006a10    00000010                   : BIOS.obj (.text:ti_sysbios_BIOS_start__E)
                  00006a20    00000010                   : m3_TaskSupport_asm.obj (.text:ti_sysbios_family_arm_m3_TaskSupport_glue)
                  00006a30    00000010                   : BIOS.obj (.text:ti_sysbios_gates_GateMutex_Instance_finalize__E)
                  00006a40    00000010     empty_pem4f.oem4f (.text:ti_sysbios_knl_Mailbox_Object__get__S)
                  00006a50    00000010     sysbios.aem4f : BIOS.obj (.text:ti_sysbios_knl_Semaphore_Instance_finalize__E)
                  00006a60    00000010                   : BIOS.obj (.text:ti_sysbios_knl_Swi_disable__E)
                  00006a70    00000010     empty_pem4f.oem4f (.text:ti_sysbios_knl_Task_Object__get__S)
                  00006a80    00000010     sysbios.aem4f : BIOS.obj (.text:ti_sysbios_knl_Task_disable__E)
                  00006a90    00000010     ti.targets.arm.rtsarm.aem4f : Gate.oem4f (.text:xdc_runtime_Gate_leaveSystem__E)
                  00006aa0    00000010                                 : Memory.oem4f (.text:xdc_runtime_Memory_free__E)
                  00006ab0    00000010                                 : SysMin.oem4f (.text:xdc_runtime_SysMin_ready__E)
                  00006ac0    00000010                                 : System.oem4f (.text:xdc_runtime_System_vsnprintf__E)
                  00006ad0    00000010     empty_pem4f.oem4f (.text:xdc_runtime_Text_visitRope__I)
                  00006ae0    0000000e     driverlib.lib : gpio.obj (.text:GPIOIntStatus)
                  00006aee    0000000e                   : uart.obj (.text:UARTCharGetNonBlocking)
                  00006afc    0000000e                   : uart.obj (.text:UARTCharPutNonBlocking)
                  00006b0a    0000000e     rtsv7M4_T_le_v4SPD16_eabi.lib : copy_decompress_none.obj (.text:decompress:none)
                  00006b18    0000000e     sysbios.aem4f : BIOS.obj (.text:ti_sysbios_knl_Idle_loop__E)
                  00006b26    00000002     --HOLE-- [fill = 0]
                  00006b28    0000000e                   : BIOS.obj (.text:ti_sysbios_knl_Queue_empty__E)
                  00006b36    0000000c     drivers_tivaware.aem4f : RingBuf.oem4f (.text:RingBuf_peek)
                  00006b42    0000000c     driverlib.lib : uart.obj (.text:UARTFlowControlSet)
                  00006b4e    0000000c     drivers_tivaware.aem4f : UARTTiva.oem4f (.text:UARTTiva_init)
                  00006b5a    0000000c     rtsv7M4_T_le_v4SPD16_eabi.lib : copy_zero_init.obj (.text:decompress:ZI)
                  00006b66    00000002     --HOLE-- [fill = 0]
                  00006b68    0000000c     sysbios.aem4f : BIOS.obj (.text:ti_sysbios_family_arm_lm4_Timer_getMaxTicks__E)
                  00006b74    0000000c     empty_pem4f.oem4f (.text:ti_sysbios_family_arm_m3_Hwi_Params__init__S)
                  00006b80    0000000c     sysbios.aem4f : BIOS.obj (.text:ti_sysbios_family_arm_m3_Hwi_disableFxn__E)
                  00006b8c    00000004     --HOLE-- [fill = 0]
                  00006b90    0000000c                   : BIOS.obj (.text:ti_sysbios_family_arm_m3_TaskSupport_checkStack__E)
                  00006b9c    00000004     --HOLE-- [fill = 0]
                  00006ba0    0000000c                   : BIOS.obj (.text:ti_sysbios_family_arm_m3_TaskSupport_getStackAlignment__E)
                  00006bac    00000004     --HOLE-- [fill = 0]
                  00006bb0    0000000c                   : BIOS.obj (.text:ti_sysbios_gates_GateHwi_enter__E)
                  00006bbc    0000000c     empty_pem4f.oem4f (.text:ti_sysbios_knl_Clock_Params__init__S)
                  00006bc8    0000000c     empty_pem4f.oem4f (.text:ti_sysbios_knl_Mailbox_Params__init__S)
                  00006bd4    0000000c     empty.obj (.text:ti_sysbios_knl_Mailbox_handle)
                  00006be0    0000000c     empty_pem4f.oem4f (.text:ti_sysbios_knl_Queue_Object__get__S)
                  00006bec    0000000c     empty_pem4f.oem4f (.text:ti_sysbios_knl_Semaphore_Params__init__S)
                  00006bf8    0000000c     empty_pem4f.oem4f (.text:ti_sysbios_knl_Task_Params__init__S)
                  00006c04    0000000c     ti.targets.arm.rtsarm.aem4f : Error.oem4f (.text:xdc_runtime_Error_init__E)
                  00006c10    0000000c                                 : Gate.oem4f (.text:xdc_runtime_Gate_enterSystem__E)
                  00006c1c    0000000c                                 : Memory.oem4f (.text:xdc_runtime_Memory_calloc__E)
                  00006c28    0000000c                                 : Memory.oem4f (.text:xdc_runtime_Memory_getMaxDefaultTypeAlign__E)
                  00006c34    0000000a     driverlib.lib : uart.obj (.text:UARTCharGet)
                  00006c3e    0000000a                   : uart.obj (.text:UARTCharPut)
                  00006c48    0000000a                   : uart.obj (.text:UARTIntDisable)
                  00006c52    0000000a                   : uart.obj (.text:UARTIntStatus)
                  00006c5c    0000000a     drivers_tivaware.aem4f : UART.oem4f (.text:UART_read)
                  00006c66    0000000a                            : UART.oem4f (.text:UART_write)
                  00006c70    0000000a     empty_pem4f.oem4f (.text:xdc_runtime_IHeap_alloc)
                  00006c7a    0000000a     empty_pem4f.oem4f (.text:xdc_runtime_IHeap_free)
                  00006c84    00000008     EK_TM4C1294XL.obj (.text:EK_TM4C1294XL_initGPIO)
                  00006c8c    00000008     driverlib.lib : uart.obj (.text:UARTIntEnable)
                  00006c94    00000008                   : uart.obj (.text:UARTRxErrorGet)
                  00006c9c    00000008     drivers_tivaware.aem4f : UARTTiva.oem4f (.text:readSemCallback)
                  00006ca4    00000008     sysbios.aem4f : BIOS.obj (.text:ti_sysbios_family_arm_lm4_Timer_masterDisable__I)
                  00006cac    00000004     --HOLE-- [fill = 0]
                  00006cb0    00000008                   : BIOS.obj (.text:ti_sysbios_family_arm_m3_Hwi_doSwiRestore__I)
                  00006cb8    00000008                   : BIOS.obj (.text:ti_sysbios_family_arm_m3_Hwi_startup__E)
                  00006cc0    00000008     drivers_tivaware.aem4f : UARTTiva.oem4f (.text:writeSemCallback)
                  00006cc8    00000006     driverlib.lib : gpio.obj (.text:GPIOIntClear)
                  00006cce    00000006                   : gpio.obj (.text:GPIOPinRead)
                  00006cd4    00000006                   : gpio.obj (.text:GPIOPinWrite)
                  00006cda    00000006                   : uart.obj (.text:UARTFIFOLevelSet)
                  00006ce0    00000006                   : uart.obj (.text:UARTRxErrorClear)
                  00006ce6    00000002     --HOLE-- [fill = 0]
                  00006ce8    00000006     sysbios.aem4f : BIOS.obj (.text:ti_sysbios_family_arm_m3_Hwi_doTaskRestore__I)
                  00006cee    00000002     --HOLE-- [fill = 0]
                  00006cf0    00000006                   : BIOS.obj (.text:ti_sysbios_family_arm_m3_Hwi_restoreFxn__E)
                  00006cf6    00000002     --HOLE-- [fill = 0]
                  00006cf8    00000006                   : BIOS.obj (.text:ti_sysbios_gates_GateHwi_leave__E)
                  00006cfe    00000002     --HOLE-- [fill = 0]
                  00006d00    00000006                   : BIOS.obj (.text:ti_sysbios_heaps_HeapMem_isBlocking__E)
                  00006d06    00000002     --HOLE-- [fill = 0]
                  00006d08    00000006                   : BIOS.obj (.text:ti_sysbios_knl_Clock_stop__E)
                  00006d0e    00000002     --HOLE-- [fill = 0]
                  00006d10    00000006                   : BIOS.obj (.text:ti_sysbios_knl_Queue_Instance_init__E)
                  00006d16    00000002     --HOLE-- [fill = 0]
                  00006d18    00000006                   : BIOS.obj (.text:ti_sysbios_knl_Swi_startup__E)
                  00006d1e    00000006     ti.targets.arm.rtsarm.aem4f : System.oem4f (.text:xdc_runtime_System_Module_startup__E)
                  00006d24    00000004     --HOLE-- [fill = 0]
                  00006d28    00000004     sysbios.aem4f : BIOS.obj (.text:ti_sysbios_gates_GateHwi_query__E)
                  00006d2c    00000004     --HOLE-- [fill = 0]
                  00006d30    00000004                   : BIOS.obj (.text:ti_sysbios_gates_GateMutex_query__E)
                  00006d34    00000004     --HOLE-- [fill = 0]
                  00006d38    00000004                   : BIOS.obj (.text:ti_sysbios_knl_Task_startup__E)
                  00006d3c    00000004     --HOLE-- [fill = 0]
                  00006d40    00000002                   : BIOS.obj (.text:ti_sysbios_gates_GateHwi_Instance_init__E)
                  00006d42    00000006     --HOLE-- [fill = 0]
                  00006d48    00000002                   : BIOS.obj (.text:ti_sysbios_knl_Clock_logTick__E)

.const     0    00006d4c    00002388     
                  00006d4c    000018f6     empty_pem4f.oem4f (.const:xdc_runtime_Text_charTab__A)
                  00008642    00000002     empty_pem4f.oem4f (.const:ti_catalog_arm_cortexm4_tiva_ce_Boot_Module__id__C)
                  00008644    00000120     Boot.aem4f : Boot_sysctl.oem4f (.const:g_pppui32XTALtoVCO)
                  00008764    000000c4     empty_pem4f.oem4f (.const:xdc_runtime_Text_nodeTab__A)
                  00008828    00000090     driverlib.lib : gpio.obj (.const:g_pui32GPIOBaseAddrs)
                  000088b8    0000006c     Boot.aem4f : Boot_sysctl.oem4f (.const:g_pui32Xtals)
                  00008924    00000054     drivers_tivaware.aem4f : GPIOTiva.oem4f (.const:.string)
                  00008978    0000004c                            : UARTTiva.oem4f (.const)
                  000089c4    00000048     empty_pem4f.oem4f (.const:.string)
                  00008a0c    00000048     drivers_tivaware.aem4f : GPIOTiva.oem4f (.const:gpioBaseAddresses)
                  00008a54    0000003c     empty_pem4f.oem4f (.const:ti_sysbios_knl_Task_Object__PARAMS__C)
                  00008a90    00000034     empty_pem4f.oem4f (.const:ti_sysbios_knl_Mailbox_Object__PARAMS__C)
                  00008ac4    00000030     Boot.aem4f : Boot_sysctl.oem4f (.const:g_sXTALtoMEMTIM)
                  00008af4    00000030     empty_pem4f.oem4f (.const:ti_sysbios_family_arm_m3_Hwi_Object__PARAMS__C)
                  00008b24    00000028     drivers_tivaware.aem4f : UARTTiva.oem4f (.const:UARTTiva_fxnTable)
                  00008b4c    00000028     empty_pem4f.oem4f (.const:ti_sysbios_heaps_HeapMem_Module__FXNS__C)
                  00008b74    00000024     drivers_tivaware.aem4f : UART.oem4f (.const:UART_defaultParams)
                  00008b98    00000024     empty_pem4f.oem4f (.const:ti_sysbios_gates_GateHwi_Module__FXNS__C)
                  00008bbc    00000024     empty_pem4f.oem4f (.const:ti_sysbios_gates_GateMutex_Module__FXNS__C)
                  00008be0    00000024     empty_pem4f.oem4f (.const:ti_sysbios_heaps_HeapMem_Object__PARAMS__C)
                  00008c04    00000024     empty_pem4f.oem4f (.const:ti_sysbios_knl_Clock_Object__PARAMS__C)
                  00008c28    00000024     empty_pem4f.oem4f (.const:ti_sysbios_knl_Semaphore_Object__PARAMS__C)
                  00008c4c    00000024     empty_pem4f.oem4f (.const:xdc_runtime_Startup_sfxnTab__A)
                  00008c70    00000020     empty_pem4f.oem4f (.const:ti_sysbios_family_arm_m3_Hwi_Object__DESC__C)
                  00008c90    00000020     empty_pem4f.oem4f (.const:ti_sysbios_gates_GateHwi_Object__DESC__C)
                  00008cb0    00000020     empty_pem4f.oem4f (.const:ti_sysbios_gates_GateMutex_Object__DESC__C)
                  00008cd0    00000020     empty_pem4f.oem4f (.const:ti_sysbios_heaps_HeapMem_Object__DESC__C)
                  00008cf0    00000020     empty_pem4f.oem4f (.const:ti_sysbios_knl_Clock_Object__DESC__C)
                  00008d10    00000020     empty_pem4f.oem4f (.const:ti_sysbios_knl_Mailbox_Object__DESC__C)
                  00008d30    00000020     empty_pem4f.oem4f (.const:ti_sysbios_knl_Queue_Object__DESC__C)
                  00008d50    00000020     empty_pem4f.oem4f (.const:ti_sysbios_knl_Semaphore_Object__DESC__C)
                  00008d70    00000020     empty_pem4f.oem4f (.const:ti_sysbios_knl_Task_Object__DESC__C)
                  00008d90    00000018     EK_TM4C1294XL.obj (.const:UART_config)
                  00008da8    00000018     empty_pem4f.oem4f (.const:ti_sysbios_gates_GateHwi_Object__PARAMS__C)
                  00008dc0    00000018     empty_pem4f.oem4f (.const:ti_sysbios_gates_GateMutex_Object__PARAMS__C)
                  00008dd8    00000018     empty_pem4f.oem4f (.const:ti_sysbios_knl_Queue_Object__PARAMS__C)
                  00008df0    00000018     EK_TM4C1294XL.obj (.const:uartTivaHWAttrs)
                  00008e08    00000015     empty.obj (.const:.string:$P$T1$2)
                  00008e1d    00000015     empty.obj (.const:.string:$P$T2$3)
                  00008e32    00000015     empty.obj (.const:.string:$P$T5$6)
                  00008e47    00000001     empty_pem4f.oem4f (.const:xdc_runtime_Error_policy__C)
                  00008e48    00000014     EK_TM4C1294XL.obj (.const:GPIOTiva_config)
                  00008e5c    00000014     empty_pem4f.oem4f (.const:xdc_runtime_Startup_firstFxns__A)
                  00008e70    00000013     empty.obj (.const:.string:$P$T0$1)
                  00008e83    00000001     --HOLE-- [fill = 0]
                  00008e84    00000012     empty_pem4f.oem4f (.const:xdc_runtime_Startup_sfxnRts__A)
                  00008e96    00000010     empty.obj (.const:.string:$P$T4$5)
                  00008ea6    0000000f     empty.obj (.const:.string:$P$T3$4)
                  00008eb5    00000001     --HOLE-- [fill = 0]
                  00008eb6    00000002     empty_pem4f.oem4f (.const:ti_sysbios_family_arm_m3_Hwi_Module__id__C)
                  00008eb8    00000008     Boot.aem4f : Boot_sysctl.oem4f (.const)
                  00008ec0    00000008     empty_pem4f.oem4f (.const:ti_sysbios_family_arm_m3_Hwi_excHookFuncs__A)
                  00008ec8    00000008     empty_pem4f.oem4f (.const:ti_sysbios_knl_Idle_funcList__C)
                  00008ed0    00000008     empty_pem4f.oem4f (.const:xdc_runtime_Startup_firstFxns__C)
                  00008ed8    00000008     empty_pem4f.oem4f (.const:xdc_runtime_Startup_lastFxns__C)
                  00008ee0    00000004     empty_pem4f.oem4f (.const:ti_catalog_arm_cortexm4_tiva_ce_Boot_A_mustNotUseEnhancedClockMode__C)
                  00008ee4    00000004     empty_pem4f.oem4f (.const:ti_catalog_arm_cortexm4_tiva_ce_Boot_Module__diagsEnabled__C)
                  00008ee8    00000004     empty_pem4f.oem4f (.const:ti_catalog_arm_cortexm4_tiva_ce_Boot_Module__diagsIncluded__C)
                  00008eec    00000004     empty_pem4f.oem4f (.const:ti_catalog_arm_cortexm4_tiva_ce_Boot_Module__diagsMask__C)
                  00008ef0    00000004     empty_pem4f.oem4f (.const:ti_sysbios_family_arm_lm4_Timer_enableFunc__C)
                  00008ef4    00000004     empty_pem4f.oem4f (.const:ti_sysbios_family_arm_lm4_Timer_numTimerDevices__C)
                  00008ef8    00000004     empty_pem4f.oem4f (.const:ti_sysbios_family_arm_lm4_Timer_startupNeeded__C)
                  00008efc    00000004     empty_pem4f.oem4f (.const:ti_sysbios_family_arm_m3_Hwi_E_NMI__C)
                  00008f00    00000004     empty_pem4f.oem4f (.const:ti_sysbios_family_arm_m3_Hwi_E_alreadyDefined__C)
                  00008f04    00000004     empty_pem4f.oem4f (.const:ti_sysbios_family_arm_m3_Hwi_E_busFault__C)
                  00008f08    00000004     empty_pem4f.oem4f (.const:ti_sysbios_family_arm_m3_Hwi_E_debugMon__C)
                  00008f0c    00000004     empty_pem4f.oem4f (.const:ti_sysbios_family_arm_m3_Hwi_E_hardFault__C)
                  00008f10    00000004     empty_pem4f.oem4f (.const:ti_sysbios_family_arm_m3_Hwi_E_memFault__C)
                  00008f14    00000004     empty_pem4f.oem4f (.const:ti_sysbios_family_arm_m3_Hwi_E_noIsr__C)
                  00008f18    00000004     empty_pem4f.oem4f (.const:ti_sysbios_family_arm_m3_Hwi_E_reserved__C)
                  00008f1c    00000004     empty_pem4f.oem4f (.const:ti_sysbios_family_arm_m3_Hwi_E_svCall__C)
                  00008f20    00000004     empty_pem4f.oem4f (.const:ti_sysbios_family_arm_m3_Hwi_E_usageFault__C)
                  00008f24    00000004     empty_pem4f.oem4f (.const:ti_sysbios_family_arm_m3_Hwi_NUM_INTERRUPTS__C)
                  00008f28    00000004     empty_pem4f.oem4f (.const:ti_sysbios_family_arm_m3_Hwi_Object__count__C)
                  00008f2c    00000004     empty_pem4f.oem4f (.const:ti_sysbios_family_arm_m3_Hwi_ccr__C)
                  00008f30    00000004     empty_pem4f.oem4f (.const:ti_sysbios_family_arm_m3_Hwi_excHandlerFunc__C)
                  00008f34    00000004     empty_pem4f.oem4f (.const:ti_sysbios_family_arm_m3_Hwi_excHookFuncs__C)
                  00008f38    00000004     empty_pem4f.oem4f (.const:ti_sysbios_family_arm_m3_Hwi_nullIsrFunc__C)
                  00008f3c    00000004     empty_pem4f.oem4f (.const:ti_sysbios_family_arm_m3_Hwi_priGroup__C)
                  00008f40    00000004     empty_pem4f.oem4f (.const:ti_sysbios_family_arm_m3_TaskSupport_stackAlignment__C)
                  00008f44    00000004     empty_pem4f.oem4f (.const:ti_sysbios_gates_GateMutex_A_badContext__C)
                  00008f48    00000004     empty_pem4f.oem4f (.const:ti_sysbios_gates_GateMutex_Instance_State_sem__O)
                  00008f4c    00000004     empty_pem4f.oem4f (.const:ti_sysbios_gates_GateMutex_Module__diagsEnabled__C)
                  00008f50    00000004     empty_pem4f.oem4f (.const:ti_sysbios_gates_GateMutex_Module__diagsIncluded__C)
                  00008f54    00000004     empty_pem4f.oem4f (.const:ti_sysbios_gates_GateMutex_Module__diagsMask__C)
                  00008f58    00000004     empty_pem4f.oem4f (.const:ti_sysbios_hal_Hwi_E_stackOverflow__C)
                  00008f5c    00000004     empty_pem4f.oem4f (.const:ti_sysbios_heaps_HeapMem_A_align__C)
                  00008f60    00000004     empty_pem4f.oem4f (.const:ti_sysbios_heaps_HeapMem_A_heapSize__C)
                  00008f64    00000004     empty_pem4f.oem4f (.const:ti_sysbios_heaps_HeapMem_A_invalidFree__C)
                  00008f68    00000004     empty_pem4f.oem4f (.const:ti_sysbios_heaps_HeapMem_A_zeroBlock__C)
                  00008f6c    00000004     empty_pem4f.oem4f (.const:ti_sysbios_heaps_HeapMem_E_memory__C)
                  00008f70    00000004     empty_pem4f.oem4f (.const:ti_sysbios_heaps_HeapMem_Module__diagsEnabled__C)
                  00008f74    00000004     empty_pem4f.oem4f (.const:ti_sysbios_heaps_HeapMem_Module__diagsIncluded__C)
                  00008f78    00000004     empty_pem4f.oem4f (.const:ti_sysbios_heaps_HeapMem_Module__diagsMask__C)
                  00008f7c    00000004     empty_pem4f.oem4f (.const:ti_sysbios_heaps_HeapMem_Module__gateObj__C)
                  00008f80    00000004     empty_pem4f.oem4f (.const:ti_sysbios_heaps_HeapMem_Object__count__C)
                  00008f84    00000004     empty_pem4f.oem4f (.const:ti_sysbios_heaps_HeapMem_reqAlign__C)
                  00008f88    00000004     empty_pem4f.oem4f (.const:ti_sysbios_knl_Clock_A_badThreadType__C)
                  00008f8c    00000004     empty_pem4f.oem4f (.const:ti_sysbios_knl_Clock_Module_State_clockQ__O)
                  00008f90    00000004     empty_pem4f.oem4f (.const:ti_sysbios_knl_Clock_Module__diagsEnabled__C)
                  00008f94    00000004     empty_pem4f.oem4f (.const:ti_sysbios_knl_Clock_Module__diagsIncluded__C)
                  00008f98    00000004     empty_pem4f.oem4f (.const:ti_sysbios_knl_Clock_Module__diagsMask__C)
                  00008f9c    00000004     empty_pem4f.oem4f (.const:ti_sysbios_knl_Idle_funcList__A)
                  00008fa0    00000004     empty_pem4f.oem4f (.const:ti_sysbios_knl_Mailbox_A_invalidBufSize__C)
                  00008fa4    00000004     empty_pem4f.oem4f (.const:ti_sysbios_knl_Mailbox_Instance_State_dataQue__O)
                  00008fa8    00000004     empty_pem4f.oem4f (.const:ti_sysbios_knl_Mailbox_Instance_State_dataSem__O)
                  00008fac    00000004     empty_pem4f.oem4f (.const:ti_sysbios_knl_Mailbox_Instance_State_freeQue__O)
                  00008fb0    00000004     empty_pem4f.oem4f (.const:ti_sysbios_knl_Mailbox_Instance_State_freeSem__O)
                  00008fb4    00000004     empty_pem4f.oem4f (.const:ti_sysbios_knl_Mailbox_Module__diagsEnabled__C)
                  00008fb8    00000004     empty_pem4f.oem4f (.const:ti_sysbios_knl_Mailbox_Module__diagsIncluded__C)
                  00008fbc    00000004     empty_pem4f.oem4f (.const:ti_sysbios_knl_Mailbox_Module__diagsMask__C)
                  00008fc0    00000004     empty_pem4f.oem4f (.const:ti_sysbios_knl_Mailbox_Object__count__C)
                  00008fc4    00000004     empty_pem4f.oem4f (.const:ti_sysbios_knl_Mailbox_maxTypeAlign__C)
                  00008fc8    00000004     empty_pem4f.oem4f (.const:ti_sysbios_knl_Semaphore_A_badContext__C)
                  00008fcc    00000004     empty_pem4f.oem4f (.const:ti_sysbios_knl_Semaphore_A_noEvents__C)
                  00008fd0    00000004     empty_pem4f.oem4f (.const:ti_sysbios_knl_Semaphore_A_overflow__C)
                  00008fd4    00000004     empty_pem4f.oem4f (.const:ti_sysbios_knl_Semaphore_A_pendTaskDisabled__C)
                  00008fd8    00000004     empty_pem4f.oem4f (.const:ti_sysbios_knl_Semaphore_Instance_State_pendQ__O)
                  00008fdc    00000004     empty_pem4f.oem4f (.const:ti_sysbios_knl_Semaphore_Module__diagsEnabled__C)
                  00008fe0    00000004     empty_pem4f.oem4f (.const:ti_sysbios_knl_Semaphore_Module__diagsIncluded__C)
                  00008fe4    00000004     empty_pem4f.oem4f (.const:ti_sysbios_knl_Semaphore_Module__diagsMask__C)
                  00008fe8    00000004     empty_pem4f.oem4f (.const:ti_sysbios_knl_Swi_Object__count__C)
                  00008fec    00000004     empty_pem4f.oem4f (.const:ti_sysbios_knl_Task_A_badPriority__C)
                  00008ff0    00000004     empty_pem4f.oem4f (.const:ti_sysbios_knl_Task_A_badTaskState__C)
                  00008ff4    00000004     empty_pem4f.oem4f (.const:ti_sysbios_knl_Task_A_badThreadType__C)
                  00008ff8    00000004     empty_pem4f.oem4f (.const:ti_sysbios_knl_Task_A_noPendElem__C)
                  00008ffc    00000004     empty_pem4f.oem4f (.const:ti_sysbios_knl_Task_E_spOutOfBounds__C)
                  00009000    00000004     empty_pem4f.oem4f (.const:ti_sysbios_knl_Task_E_stackOverflow__C)
                  00009004    00000004     empty_pem4f.oem4f (.const:ti_sysbios_knl_Task_Module_State_inactiveQ__O)
                  00009008    00000004     empty_pem4f.oem4f (.const:ti_sysbios_knl_Task_Module__diagsEnabled__C)
                  0000900c    00000004     empty_pem4f.oem4f (.const:ti_sysbios_knl_Task_Module__diagsIncluded__C)
                  00009010    00000004     empty_pem4f.oem4f (.const:ti_sysbios_knl_Task_Module__diagsMask__C)
                  00009014    00000004     empty_pem4f.oem4f (.const:ti_sysbios_knl_Task_Object__count__C)
                  00009018    00000004     empty_pem4f.oem4f (.const:ti_sysbios_knl_Task_allBlockedFunc__C)
                  0000901c    00000004     empty_pem4f.oem4f (.const:ti_sysbios_knl_Task_defaultStackHeap__C)
                  00009020    00000004     empty_pem4f.oem4f (.const:ti_sysbios_knl_Task_defaultStackSize__C)
                  00009024    00000004     empty_pem4f.oem4f (.const:ti_sysbios_knl_Task_numConstructedTasks__C)
                  00009028    00000004     empty_pem4f.oem4f (.const:xdc_runtime_Assert_E_assertFailed__C)
                  0000902c    00000004     empty_pem4f.oem4f (.const:xdc_runtime_Core_A_initializedParams__C)
                  00009030    00000004     empty_pem4f.oem4f (.const:xdc_runtime_Core_Module__diagsEnabled__C)
                  00009034    00000004     empty_pem4f.oem4f (.const:xdc_runtime_Core_Module__diagsIncluded__C)
                  00009038    00000004     empty_pem4f.oem4f (.const:xdc_runtime_Core_Module__diagsMask__C)
                  0000903c    00000004     empty_pem4f.oem4f (.const:xdc_runtime_Error_E_memory__C)
                  00009040    00000004     empty_pem4f.oem4f (.const:xdc_runtime_Error_Module__diagsEnabled__C)
                  00009044    00000004     empty_pem4f.oem4f (.const:xdc_runtime_Error_Module__diagsIncluded__C)
                  00009048    00000004     empty_pem4f.oem4f (.const:xdc_runtime_Error_Module__diagsMask__C)
                  0000904c    00000004     empty_pem4f.oem4f (.const:xdc_runtime_Error_Module__loggerFxn8__C)
                  00009050    00000004     empty_pem4f.oem4f (.const:xdc_runtime_Error_Module__loggerObj__C)
                  00009054    00000004     empty_pem4f.oem4f (.const:xdc_runtime_Error_policyFxn__C)
                  00009058    00000004     empty_pem4f.oem4f (.const:xdc_runtime_Error_raiseHook__C)
                  0000905c    00000004     empty_pem4f.oem4f (.const:xdc_runtime_IGateProvider_Interface__BASE__C)
                  00009060    00000004     empty_pem4f.oem4f (.const:xdc_runtime_IHeap_Interface__BASE__C)
                  00009064    00000004     empty_pem4f.oem4f (.const:xdc_runtime_IModule_Interface__BASE__C)
                  00009068    00000004     empty_pem4f.oem4f (.const:xdc_runtime_Log_L_error__C)
                  0000906c    00000004     empty_pem4f.oem4f (.const:xdc_runtime_Memory_defaultHeapInstance__C)
                  00009070    00000004     empty_pem4f.oem4f (.const:xdc_runtime_Startup_execImpl__C)
                  00009074    00000004     empty_pem4f.oem4f (.const:xdc_runtime_Startup_maxPasses__C)
                  00009078    00000004     empty_pem4f.oem4f (.const:xdc_runtime_Startup_sfxnRts__C)
                  0000907c    00000004     empty_pem4f.oem4f (.const:xdc_runtime_Startup_sfxnTab__C)
                  00009080    00000004     empty_pem4f.oem4f (.const:xdc_runtime_SysMin_bufSize__C)
                  00009084    00000004     empty_pem4f.oem4f (.const:xdc_runtime_SysMin_outputFunc__C)
                  00009088    00000004     empty_pem4f.oem4f (.const:xdc_runtime_System_Module__gateObj__C)
                  0000908c    00000004     empty_pem4f.oem4f (.const:xdc_runtime_System_abortFxn__C)
                  00009090    00000004     empty_pem4f.oem4f (.const:xdc_runtime_System_exitFxn__C)
                  00009094    00000004     empty_pem4f.oem4f (.const:xdc_runtime_System_extendFxn__C)
                  00009098    00000004     empty_pem4f.oem4f (.const:xdc_runtime_System_maxAtexitHandlers__C)
                  0000909c    00000004     empty_pem4f.oem4f (.const:xdc_runtime_Text_charTab__C)
                  000090a0    00000004     empty_pem4f.oem4f (.const:xdc_runtime_Text_nameEmpty__C)
                  000090a4    00000004     empty_pem4f.oem4f (.const:xdc_runtime_Text_nameStatic__C)
                  000090a8    00000004     empty_pem4f.oem4f (.const:xdc_runtime_Text_nameUnknown__C)
                  000090ac    00000004     empty_pem4f.oem4f (.const:xdc_runtime_Text_nodeTab__C)
                  000090b0    00000004     empty_pem4f.oem4f (.const:xdc_runtime_Text_visitRopeFxn__C)
                  000090b4    00000002     empty_pem4f.oem4f (.const:ti_sysbios_gates_GateMutex_Module__id__C)
                  000090b6    00000002     empty_pem4f.oem4f (.const:ti_sysbios_hal_Hwi_Module__id__C)
                  000090b8    00000002     empty_pem4f.oem4f (.const:ti_sysbios_heaps_HeapMem_Module__id__C)
                  000090ba    00000002     empty_pem4f.oem4f (.const:ti_sysbios_knl_Clock_Module__id__C)
                  000090bc    00000002     empty_pem4f.oem4f (.const:ti_sysbios_knl_Mailbox_Module__id__C)
                  000090be    00000002     empty_pem4f.oem4f (.const:ti_sysbios_knl_Semaphore_Module__id__C)
                  000090c0    00000002     empty_pem4f.oem4f (.const:ti_sysbios_knl_Task_Module__id__C)
                  000090c2    00000002     empty_pem4f.oem4f (.const:xdc_runtime_Core_Module__id__C)
                  000090c4    00000002     empty_pem4f.oem4f (.const:xdc_runtime_Error_Module__loggerDefined__C)
                  000090c6    00000002     empty_pem4f.oem4f (.const:xdc_runtime_Error_maxDepth__C)
                  000090c8    00000002     empty_pem4f.oem4f (.const:xdc_runtime_Memory_Module__id__C)
                  000090ca    00000002     empty_pem4f.oem4f (.const:xdc_runtime_SysMin_flushAtExit__C)
                  000090cc    00000002     empty_pem4f.oem4f (.const:xdc_runtime_Text_charCnt__C)
                  000090ce    00000002     empty_pem4f.oem4f (.const:xdc_runtime_Text_isLoaded__C)
                  000090d0    00000002     empty_pem4f.oem4f (.const:xdc_runtime_Text_registryModsLastId__C)
                  000090d2    00000002     empty_pem4f.oem4f (.const:xdc_runtime_Text_unnamedModsLastId__C)

.cinit     0    000090d8    00000218     
                  000090d8    000001de     (.cinit..data.load) [load image, compression = lzss]
                  000092b6    00000002     --HOLE-- [fill = 0]
                  000092b8    0000000c     (__TI_handler_table)
                  000092c4    00000004     --HOLE-- [fill = 0]
                  000092c8    00000008     (.cinit..bss.load) [load image, compression = zero_init]
                  000092d0    00000008     (.cinit..vecs.load) [load image, compression = zero_init]
                  000092d8    00000018     (__TI_cinit_table)

.init_array 
*          0    00000000    00000000     UNINITIALIZED

.resetVecs 
*          0    00000000    0000003c     
                  00000000    0000003c     empty_pem4f.oem4f (.resetVecs)

.bss       0    20000360    00001328     UNINITIALIZED
                  20000360    00000400     (.common:ti_sysbios_heaps_HeapMem_Instance_State_0_buf__A)
                  20000760    00000360     (.common:ti_sysbios_family_arm_m3_Hwi_dispatchTable)
                  20000ac0    00000300     (.common:recieverFxnStack)
                  20000dc0    00000300     (.common:senderFxnStack)
                  200010c0    00000200     empty_pem4f.oem4f (.bss:taskStackSection)
                  200012c0    00000120     rtsv7M4_T_le_v4SPD16_eabi.lib : trgmsg.obj (.bss:_CIOBUF_)
                  200013e0    000000cc     (.common:uartTivaObjects)
                  200014ac    00000090     drivers_tivaware.aem4f : GPIOTiva.oem4f (.bss:gpioCallbackInfo)
                  2000153c    00000080     (.common:xdc_runtime_SysMin_Module_State_0_outbuf__A)
                  200015bc    00000050     (.common:recieverFxnStruct)
                  2000160c    00000050     (.common:senderFxnStruct)
                  2000165c    00000020     (.common:uartTivaRingBuffer)
                  2000167c    00000008     rtsv7M4_T_le_v4SPD16_eabi.lib : trgdrv.obj (.bss:parmbuf)
                  20001684    00000004     (.common:gpioInterruptVectors)

.data      0    20001688    0000043a     UNINITIALIZED
                  20001688    00000080     empty_pem4f.oem4f (.data:ti_sysbios_knl_Swi_Module_State_0_readyQ__A)
                  20001708    00000080     empty_pem4f.oem4f (.data:ti_sysbios_knl_Task_Module_State_0_readyQ__A)
                  20001788    0000004c     empty_pem4f.oem4f (.data:ti_sysbios_knl_Task_Object__table__V)
                  200017d4    00000044     empty_pem4f.oem4f (.data:ti_sysbios_knl_Task_Module__state__V)
                  20001818    00000040     empty_pem4f.oem4f (.data:ti_sysbios_family_arm_lm4_Timer_Module_State_0_device__A)
                  20001858    00000040     empty_pem4f.oem4f (.data:ti_sysbios_family_arm_lm4_Timer_Object__table__V)
                  20001898    00000038     empty_pem4f.oem4f (.data:ti_sysbios_gates_GateMutex_Object__table__V)
                  200018d0    00000034     empty_pem4f.oem4f (.data:ti_sysbios_family_arm_m3_Hwi_Module__state__V)
                  20001904    00000030     empty_pem4f.oem4f (.data:ti_sysbios_knl_Swi_Object__table__V)
                  20001934    0000002c     empty_pem4f.oem4f (.data:ti_sysbios_knl_Clock_Module__state__V)
                  20001960    00000024     empty_pem4f.oem4f (.data:ti_sysbios_BIOS_Module__state__V)
                  20001984    00000020     empty_pem4f.oem4f (.data:ti_sysbios_family_arm_lm4_Timer_Module_State_0_handles__A)
                  200019a4    0000001c     empty_pem4f.oem4f (.data:ti_sysbios_knl_Swi_Module__state__V)
                  200019c0    00000018     empty_pem4f.oem4f (.data:ti_sysbios_family_arm_m3_Hwi_Object__table__V)
                  200019d8    00000018     empty_pem4f.oem4f (.data:ti_sysbios_heaps_HeapMem_Object__table__V)
                  200019f0    00000010     EK_TM4C1294XL.obj (.data:gpioPinConfigs)
                  20001a00    0000000c     rtsv7M4_T_le_v4SPD16_eabi.lib : exit.obj (.data:$O1$$)
                  20001a0c    0000000c     empty_pem4f.oem4f (.data:ti_sysbios_family_arm_lm4_Timer_Module__state__V)
                  20001a18    0000000c     empty_pem4f.oem4f (.data:xdc_runtime_SysMin_Module__state__V)
                  20001a24    00000008     rtsv7M4_T_le_v4SPD16_eabi.lib : _lock.obj (.data:$O1$$)
                  20001a2c    00000008     EK_TM4C1294XL.obj (.data:gpioCallbackFunctions)
                  20001a34    00000008     empty_pem4f.oem4f (.data:ti_sysbios_family_arm_m3_Hwi_Module__root__V)
                  20001a3c    00000008     empty_pem4f.oem4f (.data:ti_sysbios_gates_GateHwi_Module__root__V)
                  20001a44    00000008     empty_pem4f.oem4f (.data:ti_sysbios_gates_GateMutex_Module__root__V)
                  20001a4c    00000008     empty_pem4f.oem4f (.data:ti_sysbios_heaps_HeapMem_Module__root__V)
                  20001a54    00000008     empty_pem4f.oem4f (.data:ti_sysbios_knl_Clock_Module__root__V)
                  20001a5c    00000008     empty_pem4f.oem4f (.data:ti_sysbios_knl_Mailbox_Module__root__V)
                  20001a64    00000008     empty_pem4f.oem4f (.data:ti_sysbios_knl_Queue_Module__root__V)
                  20001a6c    00000008     empty_pem4f.oem4f (.data:ti_sysbios_knl_Semaphore_Module__root__V)
                  20001a74    00000008     empty_pem4f.oem4f (.data:ti_sysbios_knl_Task_Module__root__V)
                  20001a7c    00000008     empty_pem4f.oem4f (.data:xdc_runtime_Registry_Module__state__V)
                  20001a84    00000008     empty_pem4f.oem4f (.data:xdc_runtime_Startup_Module__state__V)
                  20001a8c    00000008     empty_pem4f.oem4f (.data:xdc_runtime_System_Module_State_0_atexitHandlers__A)
                  20001a94    00000008     empty_pem4f.oem4f (.data:xdc_runtime_System_Module__state__V)
                  20001a9c    00000005     drivers_tivaware.aem4f : GPIOTiva.oem4f (.data)
                  20001aa1    00000001     --HOLE--
                  20001aa2    00000002     empty_pem4f.oem4f (.data:ti_sysbios_family_arm_m3_Hwi_Module_State_0_excActive__A)
                  20001aa4    00000004     drivers_tivaware.aem4f : UART.oem4f (.data)
                  20001aa8    00000004     rtsv7M4_T_le_v4SPD16_eabi.lib : stkdepth_vars.obj (.data)
                  20001aac    00000004     empty_pem4f.oem4f (.data:ti_sysbios_family_arm_m3_Hwi_Module_State_0_excContext__A)
                  20001ab0    00000004     empty_pem4f.oem4f (.data:ti_sysbios_family_arm_m3_Hwi_Module_State_0_excStack__A)
                  20001ab4    00000004     empty_pem4f.oem4f (.data:ti_sysbios_gates_GateHwi_Object__table__V)
                  20001ab8    00000004     empty_pem4f.oem4f (.data:ti_sysbios_knl_Task_Module_State_0_idleTask__A)
                  20001abc    00000004     empty_pem4f.oem4f (.data:xdc_runtime_Memory_Module__state__V)
                  20001ac0    00000002     empty_pem4f.oem4f (.data:xdc_runtime_Error_Module__state__V)

.stack     0    20001ac4    00000300     UNINITIALIZED
                  20001ac4    00000300     --HOLE--

.bootVecs 
*          0    00000000    00000008     DSECT
                  00000000    00000008     boot.aem4f : boot.oem4f (.bootVecs)

.vecs      0    20000000    00000360     UNINITIALIZED
                  20000000    00000360     empty_pem4f.oem4f (.vecs)

xdc.meta   0    00000000    000000f2     COPY SECTION
                  00000000    000000f2     empty_pem4f.oem4f (xdc.meta)

MODULE SUMMARY

       Module                     code    ro data   rw data
       ------                     ----    -------   -------
    ./
       empty.obj                  1032    113       1696   
       EK_TM4C1294XL.obj          236     68        260    
    +--+--------------------------+-------+---------+---------+
       Total:                     1268    181       1956   
                                                           
    /Users/yushen/Documents/GitHub/Team13/Lab1/my_little_RTOS/Debug/configPkg/package/cfg/
       empty_pem4f.oem4f          2052    8069      4416   
    +--+--------------------------+-------+---------+---------+
       Total:                     2052    8069      4416   
                                                           
    /Applications/ti/ccsv7/tools/compiler/ti-cgt-arm_16.9.1.LTS/lib/rtsv7M4_T_le_v4SPD16_eabi.lib
       trgdrv.obj                 804     0         8      
       trgmsg.obj                 104     0         288    
       memcpy_t2.obj              156     0         0      
       memset_t2.obj              122     0         0      
       copy_decompress_lzss.obj   104     0         0      
       exit.obj                   84      0         12     
       cpy_tbl.obj                76      0         0      
       u_divt2.obj                64      0         0      
       _lock.obj                  20      0         8      
       args_main.obj              24      0         0      
       strcmp.obj                 24      0         0      
       strcpy.obj                 20      0         0      
       strlen.obj                 20      0         0      
       copy_decompress_none.obj   14      0         0      
       copy_zero_init.obj         12      0         0      
       stkdepth_vars.obj          0       0         4      
       i_div0.obj                 2       0         0      
    +--+--------------------------+-------+---------+---------+
       Total:                     1650    0         320    
                                                           
    /Users/yushen/Documents/GitHub/Team13/Lab1/my_little_RTOS/src/sysbios/sysbios.aem4f
       BIOS.obj                   12848   0         0      
       m3_Hwi_asm.obj             314     0         0      
       m3_TaskSupport_asm.obj     180     0         0      
       m3_Hwi_asm_switch.obj      118     0         0      
    +--+--------------------------+-------+---------+---------+
       Total:                     13460   0         0      
                                                           
    /Users/yushen/ti/tirtos_tivac_2_16_00_08/products/TivaWare_C_Series-2.1.1.71b/driverlib/ccs/Debug/driverlib.lib
       gpio.obj                   554     144       0      
       uart.obj                   226     0         0      
       sysctl.obj                 52      0         0      
    +--+--------------------------+-------+---------+---------+
       Total:                     832     144       0      
                                                           
    /Users/yushen/ti/tirtos_tivac_2_16_00_08/products/bios_6_45_01_29/packages/ti/catalog/arm/cortexm4/tiva/ce/lib/Boot.aem4f
       Boot_sysctl.oem4f          628     452       0      
       Boot.oem4f                 152     0         0      
    +--+--------------------------+-------+---------+---------+
       Total:                     780     452       0      
                                                           
    /Users/yushen/ti/tirtos_tivac_2_16_00_08/products/bios_6_45_01_29/packages/ti/targets/arm/rtsarm/lib/auto_init.aem4f
       auto_init.oem4f            160     0         0      
    +--+--------------------------+-------+---------+---------+
       Total:                     160     0         0      
                                                           
    /Users/yushen/ti/tirtos_tivac_2_16_00_08/products/bios_6_45_01_29/packages/ti/targets/arm/rtsarm/lib/boot.aem4f
       boot.oem4f                 88      0         0      
    +--+--------------------------+-------+---------+---------+
       Total:                     88      0         0      
                                                           
    /Users/yushen/ti/tirtos_tivac_2_16_00_08/products/bios_6_45_01_29/packages/ti/targets/arm/rtsarm/lib/ti.targets.arm.rtsarm.aem4f
       System.oem4f               1255    0         0      
       Text.oem4f                 672     0         0      
       Error.oem4f                524     0         0      
       Core-mem.oem4f             358     0         0      
       Startup.oem4f              328     0         0      
       SysMin.oem4f               248     0         0      
       Core-smem.oem4f            204     0         0      
       Memory.oem4f               176     0         0      
       Assert.oem4f               84      0         0      
       Core-params.oem4f          70      0         0      
       Core-label.oem4f           52      0         0      
       Registry.oem4f             32      0         0      
       Gate.oem4f                 28      0         0      
    +--+--------------------------+-------+---------+---------+
       Total:                     4031    0         0      
                                                           
    /Users/yushen/ti/tirtos_tivac_2_16_00_08/products/tidrivers_tivac_2_16_00_08/packages/ti/drivers/lib/drivers_tivaware.aem4f
       UARTTiva.oem4f             2262    116       0      
       GPIOTiva.oem4f             844     156       153    
       UART.oem4f                 148     36        4      
       RingBuf.oem4f              164     0         0      
    +--+--------------------------+-------+---------+---------+
       Total:                     3418    308       157    
                                                           
       Stack:                     0       0         768    
       Linker Generated:          0       530       0      
    +--+--------------------------+-------+---------+---------+
       Grand Total:               27739   9684      7617   


LINKER GENERATED COPY TABLES

__TI_cinit_table @ 000092d8 records: 3, size/record: 8, table size: 24
	.data: load addr=000090d8, load size=000001de bytes, run addr=20001688, run size=0000043a bytes, compression=lzss
	.bss: load addr=000092c8, load size=00000008 bytes, run addr=20000360, run size=00001328 bytes, compression=zero_init
	.vecs: load addr=000092d0, load size=00000008 bytes, run addr=20000000, run size=00000360 bytes, compression=zero_init


LINKER GENERATED HANDLER TABLE

__TI_handler_table @ 000092b8 records: 3, size/record: 4, table size: 12
	index: 0, handler: __TI_decompress_lzss
	index: 1, handler: __TI_decompress_none
	index: 2, handler: __TI_zero_init


GLOBAL SYMBOLS: SORTED ALPHABETICALLY BY Name 

address   name                                                                 
-------   ----                                                                 
0000505d  C$$EXIT                                                              
0000497f  C$$IO$$                                                              
00006c85  EK_TM4C1294XL_initGPIO                                               
000032e5  EK_TM4C1294XL_initGeneral                                            
000060f1  EK_TM4C1294XL_initUART                                               
000061d1  GPIODirModeSet                                                       
00006cc9  GPIOIntClear                                                         
00006ae1  GPIOIntStatus                                                        
00004fb1  GPIOIntTypeSet                                                       
0000263d  GPIOPadConfigSet                                                     
0000555d  GPIOPinConfigure                                                     
00006ccf  GPIOPinRead                                                          
00006985  GPIOPinTypeUART                                                      
00006cd5  GPIOPinWrite                                                         
00008e48  GPIOTiva_config                                                      
00004a21  GPIO_hwiIntFxn                                                       
00003e5d  GPIO_init                                                            
00005159  GPIO_setCallback                                                     
00002265  GPIO_setConfig                                                       
000051a9  GPIO_toggle                                                          
000051f9  GPIO_write                                                           
00000a97  HOSTclock                                                            
00000a5f  HOSTclose                                                            
00000a21  HOSTgetenv                                                           
000009c5  HOSTlseek                                                            
00000973  HOSTopen                                                             
00000927  HOSTread                                                             
000008c9  HOSTrename                                                           
0000088f  HOSTtime                                                             
00000841  HOSTtime64                                                           
00000809  HOSTunlink                                                           
000007bd  HOSTwrite                                                            
00006997  RingBuf_construct                                                    
000059bf  RingBuf_get                                                          
00006b37  RingBuf_peek                                                         
00005681  RingBuf_put                                                          
UNDEFED   SHT$$INIT_ARRAY$$Base                                                
UNDEFED   SHT$$INIT_ARRAY$$Limit                                               
00005cd1  SysCtlPeripheralEnable                                               
00006c35  UARTCharGet                                                          
00006aef  UARTCharGetNonBlocking                                               
00006c3f  UARTCharPut                                                          
00006afd  UARTCharPutNonBlocking                                               
000058f9  UARTConfigSetExpClk                                                  
00006589  UARTDisable                                                          
000068e3  UARTEnable                                                           
[...]
00006d31  ti_sysbios_gates_GateMutex_query__E                                  
00006d31  ti_sysbios_heaps_HeapMem_Module_GateProxy_query__E                   
00006d39  ti_sysbios_knl_Task_startup__E                                       
00006d41  ti_sysbios_gates_GateHwi_Instance_init__E                            
00006d49  ti_sysbios_knl_Clock_logTick__E                                      
00006d4c  xdc_runtime_Text_charTab__A                                          
00008642  ti_catalog_arm_cortexm4_tiva_ce_Boot_Module__id__C                   
00008764  xdc_runtime_Text_nodeTab__A                                          
00008a54  ti_sysbios_knl_Task_Object__PARAMS__C                                
00008a90  ti_sysbios_knl_Mailbox_Object__PARAMS__C                             
00008af4  ti_sysbios_family_arm_m3_Hwi_Object__PARAMS__C                       
00008b24  UARTTiva_fxnTable                                                    
00008b4c  ti_sysbios_heaps_HeapMem_Module__FXNS__C                             
00008b74  UART_defaultParams                                                   
00008b98  ti_sysbios_gates_GateHwi_Module__FXNS__C                             
00008bbc  ti_sysbios_gates_GateMutex_Module__FXNS__C                           
00008be0  ti_sysbios_heaps_HeapMem_Object__PARAMS__C                           
00008c04  ti_sysbios_knl_Clock_Object__PARAMS__C                               
00008c28  ti_sysbios_knl_Semaphore_Object__PARAMS__C                           
00008c4c  xdc_runtime_Startup_sfxnTab__A                                       
00008c70  ti_sysbios_family_arm_m3_Hwi_Object__DESC__C                         
00008c90  ti_sysbios_gates_GateHwi_Object__DESC__C                             
00008cb0  ti_sysbios_gates_GateMutex_Object__DESC__C                           
00008cd0  ti_sysbios_heaps_HeapMem_Object__DESC__C                             
00008cf0  ti_sysbios_knl_Clock_Object__DESC__C                                 
00008d10  ti_sysbios_knl_Mailbox_Object__DESC__C                               
00008d30  ti_sysbios_knl_Queue_Object__DESC__C                                 
00008d50  ti_sysbios_knl_Semaphore_Object__DESC__C                             
00008d70  ti_sysbios_knl_Task_Object__DESC__C                                  
00008d90  UART_config                                                          
00008da8  ti_sysbios_gates_GateHwi_Object__PARAMS__C                           
00008dc0  ti_sysbios_gates_GateMutex_Object__PARAMS__C                         
00008dd8  ti_sysbios_knl_Queue_Object__PARAMS__C                               
00008df0  uartTivaHWAttrs                                                      
00008e47  xdc_runtime_Error_policy__C                                          
00008e48  GPIOTiva_config                                                      
00008e5c  xdc_runtime_Startup_firstFxns__A                                     
00008e84  xdc_runtime_Startup_sfxnRts__A                                       
00008eb6  ti_sysbios_family_arm_m3_Hwi_Module__id__C                           
00008ec0  ti_sysbios_family_arm_m3_Hwi_excHookFuncs__A                         
00008ec8  ti_sysbios_knl_Idle_funcList__C                                      
00008ed0  xdc_runtime_Startup_firstFxns__C                                     
00008ed8  xdc_runtime_Startup_lastFxns__C                                      
00008ee0  ti_catalog_arm_cortexm4_tiva_ce_Boot_A_mustNotUseEnhancedClockMode__C
00008ee4  ti_catalog_arm_cortexm4_tiva_ce_Boot_Module__diagsEnabled__C         
00008ee8  ti_catalog_arm_cortexm4_tiva_ce_Boot_Module__diagsIncluded__C        
00008eec  ti_catalog_arm_cortexm4_tiva_ce_Boot_Module__diagsMask__C            
00008ef0  ti_sysbios_family_arm_lm4_Timer_enableFunc__C                        
00008ef4  ti_sysbios_family_arm_lm4_Timer_numTimerDevices__C                   
00008ef8  ti_sysbios_family_arm_lm4_Timer_startupNeeded__C                     
00008efc  ti_sysbios_family_arm_m3_Hwi_E_NMI__C                                
00008f00  ti_sysbios_family_arm_m3_Hwi_E_alreadyDefined__C                     
00008f04  ti_sysbios_family_arm_m3_Hwi_E_busFault__C                           
00008f08  ti_sysbios_family_arm_m3_Hwi_E_debugMon__C                           
00008f0c  ti_sysbios_family_arm_m3_Hwi_E_hardFault__C                          
00008f10  ti_sysbios_family_arm_m3_Hwi_E_memFault__C                           
00008f14  ti_sysbios_family_arm_m3_Hwi_E_noIsr__C                              
00008f18  ti_sysbios_family_arm_m3_Hwi_E_reserved__C                           
00008f1c  ti_sysbios_family_arm_m3_Hwi_E_svCall__C                             
00008f20  ti_sysbios_family_arm_m3_Hwi_E_usageFault__C                         
00008f24  ti_sysbios_family_arm_m3_Hwi_NUM_INTERRUPTS__C                       
00008f28  ti_sysbios_family_arm_m3_Hwi_Object__count__C                        
00008f2c  ti_sysbios_family_arm_m3_Hwi_ccr__C                                  
00008f30  ti_sysbios_family_arm_m3_Hwi_excHandlerFunc__C                       
00008f34  ti_sysbios_family_arm_m3_Hwi_excHookFuncs__C                         
00008f38  ti_sysbios_family_arm_m3_Hwi_nullIsrFunc__C                          
00008f3c  ti_sysbios_family_arm_m3_Hwi_priGroup__C                             
00008f40  ti_sysbios_family_arm_m3_TaskSupport_stackAlignment__C               
00008f44  ti_sysbios_gates_GateMutex_A_badContext__C                           
00008f48  ti_sysbios_gates_GateMutex_Instance_State_sem__O                     
00008f4c  ti_sysbios_gates_GateMutex_Module__diagsEnabled__C                   
00008f50  ti_sysbios_gates_GateMutex_Module__diagsIncluded__C                  
00008f54  ti_sysbios_gates_GateMutex_Module__diagsMask__C                      
00008f58  ti_sysbios_hal_Hwi_E_stackOverflow__C                                
00008f5c  ti_sysbios_heaps_HeapMem_A_align__C                                  
00008f60  ti_sysbios_heaps_HeapMem_A_heapSize__C                               
00008f64  ti_sysbios_heaps_HeapMem_A_invalidFree__C                            
00008f68  ti_sysbios_heaps_HeapMem_A_zeroBlock__C                              
00008f6c  ti_sysbios_heaps_HeapMem_E_memory__C                                 
00008f70  ti_sysbios_heaps_HeapMem_Module__diagsEnabled__C                     
00008f74  ti_sysbios_heaps_HeapMem_Module__diagsIncluded__C                    
00008f78  ti_sysbios_heaps_HeapMem_Module__diagsMask__C                        
00008f7c  ti_sysbios_heaps_HeapMem_Module__gateObj__C                          
00008f80  ti_sysbios_heaps_HeapMem_Object__count__C                            
00008f84  ti_sysbios_heaps_HeapMem_reqAlign__C                                 
00008f88  ti_sysbios_knl_Clock_A_badThreadType__C                              
00008f8c  ti_sysbios_knl_Clock_Module_State_clockQ__O                          
00008f90  ti_sysbios_knl_Clock_Module__diagsEnabled__C                         
00008f94  ti_sysbios_knl_Clock_Module__diagsIncluded__C                        
00008f98  ti_sysbios_knl_Clock_Module__diagsMask__C                            
00008f9c  ti_sysbios_knl_Idle_funcList__A                                      
00008fa0  ti_sysbios_knl_Mailbox_A_invalidBufSize__C                           
00008fa4  ti_sysbios_knl_Mailbox_Instance_State_dataQue__O                     
00008fa8  ti_sysbios_knl_Mailbox_Instance_State_dataSem__O                     
00008fac  ti_sysbios_knl_Mailbox_Instance_State_freeQue__O                     
00008fb0  ti_sysbios_knl_Mailbox_Instance_State_freeSem__O                     
00008fb4  ti_sysbios_knl_Mailbox_Module__diagsEnabled__C                       
00008fb8  ti_sysbios_knl_Mailbox_Module__diagsIncluded__C                      
00008fbc  ti_sysbios_knl_Mailbox_Module__diagsMask__C                          
00008fc0  ti_sysbios_knl_Mailbox_Object__count__C                              
00008fc4  ti_sysbios_knl_Mailbox_maxTypeAlign__C                               
00008fc8  ti_sysbios_knl_Semaphore_A_badContext__C                             
00008fcc  ti_sysbios_knl_Semaphore_A_noEvents__C                               
00008fd0  ti_sysbios_knl_Semaphore_A_overflow__C                               
00008fd4  ti_sysbios_knl_Semaphore_A_pendTaskDisabled__C                       
00008fd8  ti_sysbios_knl_Semaphore_Instance_State_pendQ__O                     
00008fdc  ti_sysbios_knl_Semaphore_Module__diagsEnabled__C                     
00008fe0  ti_sysbios_knl_Semaphore_Module__diagsIncluded__C                    
00008fe4  ti_sysbios_knl_Semaphore_Module__diagsMask__C                        
00008fe8  ti_sysbios_knl_Swi_Object__count__C                                  
00008fec  ti_sysbios_knl_Task_A_badPriority__C                                 
00008ff0  ti_sysbios_knl_Task_A_badTaskState__C                                
00008ff4  ti_sysbios_knl_Task_A_badThreadType__C                               
00008ff8  ti_sysbios_knl_Task_A_noPendElem__C                                  
00008ffc  ti_sysbios_knl_Task_E_spOutOfBounds__C                               
00009000  ti_sysbios_knl_Task_E_stackOverflow__C                               
00009004  ti_sysbios_knl_Task_Module_State_inactiveQ__O                        
00009008  ti_sysbios_knl_Task_Module__diagsEnabled__C                          
0000900c  ti_sysbios_knl_Task_Module__diagsIncluded__C                         
00009010  ti_sysbios_knl_Task_Module__diagsMask__C                             
00009014  ti_sysbios_knl_Task_Object__count__C                                 
00009018  ti_sysbios_knl_Task_allBlockedFunc__C                                
0000901c  ti_sysbios_knl_Task_defaultStackHeap__C                              
00009020  ti_sysbios_knl_Task_defaultStackSize__C                              
00009024  ti_sysbios_knl_Task_numConstructedTasks__C                           
00009028  xdc_runtime_Assert_E_assertFailed__C                                 
0000902c  xdc_runtime_Core_A_initializedParams__C                              
00009030  xdc_runtime_Core_Module__diagsEnabled__C                             
00009034  xdc_runtime_Core_Module__diagsIncluded__C                            
00009038  xdc_runtime_Core_Module__diagsMask__C                                
0000903c  xdc_runtime_Error_E_memory__C                                        
00009040  xdc_runtime_Error_Module__diagsEnabled__C                            
00009044  xdc_runtime_Error_Module__diagsIncluded__C                           
00009048  xdc_runtime_Error_Module__diagsMask__C                               
0000904c  xdc_runtime_Error_Module__loggerFxn8__C                              
00009050  xdc_runtime_Error_Module__loggerObj__C                               
00009054  xdc_runtime_Error_policyFxn__C                                       
00009058  xdc_runtime_Error_raiseHook__C                                       
0000905c  xdc_runtime_IGateProvider_Interface__BASE__C                         
00009060  xdc_runtime_IHeap_Interface__BASE__C                                 
00009064  xdc_runtime_IModule_Interface__BASE__C                               
00009068  xdc_runtime_Log_L_error__C                                           
0000906c  xdc_runtime_Memory_defaultHeapInstance__C                            
00009070  xdc_runtime_Startup_execImpl__C                                      
00009074  xdc_runtime_Startup_maxPasses__C                                     
00009078  xdc_runtime_Startup_sfxnRts__C                                       
0000907c  xdc_runtime_Startup_sfxnTab__C                                       
00009080  xdc_runtime_SysMin_bufSize__C                                        
00009084  xdc_runtime_SysMin_outputFunc__C                                     
00009088  xdc_runtime_System_Module__gateObj__C                                
0000908c  xdc_runtime_System_abortFxn__C                                       
00009090  xdc_runtime_System_exitFxn__C                                        
00009094  xdc_runtime_System_extendFxn__C                                      
00009098  xdc_runtime_System_maxAtexitHandlers__C                              
0000909c  xdc_runtime_Text_charTab__C                                          
000090a0  xdc_runtime_Text_nameEmpty__C                                        
000090a4  xdc_runtime_Text_nameStatic__C                                       
000090a8  xdc_runtime_Text_nameUnknown__C                                      
000090ac  xdc_runtime_Text_nodeTab__C                                          
000090b0  xdc_runtime_Text_visitRopeFxn__C                                     
000090b4  ti_sysbios_gates_GateMutex_Module__id__C                             
000090b6  ti_sysbios_hal_Hwi_Module__id__C                                     
000090b8  ti_sysbios_heaps_HeapMem_Module__id__C                               
000090ba  ti_sysbios_knl_Clock_Module__id__C                                   
000090bc  ti_sysbios_knl_Mailbox_Module__id__C                                 
000090be  ti_sysbios_knl_Semaphore_Module__id__C                               
000090c0  ti_sysbios_knl_Task_Module__id__C                                    
000090c2  xdc_runtime_Core_Module__id__C                                       
000090c4  xdc_runtime_Error_Module__loggerDefined__C                           
000090c6  xdc_runtime_Error_maxDepth__C                                        
000090c8  xdc_runtime_Memory_Module__id__C                                     
000090ca  xdc_runtime_SysMin_flushAtExit__C                                    
000090cc  xdc_runtime_Text_charCnt__C                                          
000090ce  xdc_runtime_Text_isLoaded__C                                         
000090d0  xdc_runtime_Text_registryModsLastId__C                               
000090d2  xdc_runtime_Text_unnamedModsLastId__C                                
000090d8  __TI_static_base__                                                   
000092b8  __TI_Handler_Table_Base                                              
000092c4  __TI_Handler_Table_Limit                                             
000092d8  __TI_CINIT_Base                                                      
000092f0  __TI_CINIT_Limit                                                     
20000000  ti_sysbios_family_arm_m3_Hwi_ramVectors                              
20000360  ti_sysbios_heaps_HeapMem_Instance_State_0_buf__A                     
20000760  ti_sysbios_family_arm_m3_Hwi_dispatchTable                           
20000ac0  recieverFxnStack                                                     
20000dc0  senderFxnStack                                                       
200010c0  ti_sysbios_knl_Task_Instance_State_0_stack__A                        
200012c0  __CIOBUF_                                                            
200013e0  uartTivaObjects                                                      
2000153c  xdc_runtime_SysMin_Module_State_0_outbuf__A                          
200015bc  recieverFxnStruct                                                    
2000160c  senderFxnStruct                                                      
2000165c  uartTivaRingBuffer                                                   
20001688  ti_sysbios_knl_Swi_Module_State_0_readyQ__A                          
20001708  ti_sysbios_knl_Task_Module_State_0_readyQ__A                         
20001788  ti_sysbios_knl_Task_Object__table__V                                 
200017d4  ti_sysbios_knl_Task_Module__state__V                                 
20001818  ti_sysbios_family_arm_lm4_Timer_Module_State_0_device__A             
20001858  ti_sysbios_family_arm_lm4_Timer_Object__table__V                     
20001898  ti_sysbios_gates_GateMutex_Object__table__V                          
200018d0  ti_sysbios_family_arm_m3_Hwi_Module__state__V                        
20001904  ti_sysbios_knl_Swi_Object__table__V                                  
20001934  ti_sysbios_knl_Clock_Module__state__V                                
20001960  ti_sysbios_BIOS_Module__state__V                                     
20001984  ti_sysbios_family_arm_lm4_Timer_Module_State_0_handles__A            
200019a4  ti_sysbios_knl_Swi_Module__state__V                                  
200019c0  ti_sysbios_family_arm_m3_Hwi_Object__table__V                        
200019d8  ti_sysbios_heaps_HeapMem_Object__table__V                            
200019f0  gpioPinConfigs                                                       
20001a00  __TI_cleanup_ptr                                                     
20001a04  __TI_dtors_ptr                                                       
20001a08  __TI_enable_exit_profile_output                                      
20001a0c  ti_sysbios_family_arm_lm4_Timer_Module__state__V                     
20001a18  xdc_runtime_SysMin_Module__state__V                                  
20001a24  _lock                                                                
20001a28  _unlock                                                              
20001a2c  gpioCallbackFunctions                                                
20001a34  ti_sysbios_family_arm_m3_Hwi_Module__root__V                         
20001a3c  ti_sysbios_gates_GateHwi_Module__root__V                             
20001a44  ti_sysbios_gates_GateMutex_Module__root__V                           
20001a4c  ti_sysbios_heaps_HeapMem_Module__root__V                             
20001a54  ti_sysbios_knl_Clock_Module__root__V                                 
20001a5c  ti_sysbios_knl_Mailbox_Module__root__V                               
20001a64  ti_sysbios_knl_Queue_Module__root__V                                 
20001a6c  ti_sysbios_knl_Semaphore_Module__root__V                             
20001a74  ti_sysbios_knl_Task_Module__root__V                                  
20001a7c  xdc_runtime_Registry_Module__state__V                                
20001a84  xdc_runtime_Startup_Module__state__V                                 
20001a8c  xdc_runtime_System_Module_State_0_atexitHandlers__A                  
20001a94  xdc_runtime_System_Module__state__V                                  
20001aa2  ti_sysbios_family_arm_m3_Hwi_Module_State_0_excActive__A             
20001aa8  main_func_sp                                                         
20001aac  ti_sysbios_family_arm_m3_Hwi_Module_State_0_excContext__A            
20001ab0  ti_sysbios_family_arm_m3_Hwi_Module_State_0_excStack__A              
20001ab4  ti_sysbios_gates_GateHwi_Object__table__V                            
20001ab8  ti_sysbios_knl_Task_Module_State_0_idleTask__A                       
20001abc  xdc_runtime_Memory_Module__state__V                                  
20001ac0  xdc_runtime_Error_Module__state__V                                   
20001ac4  __stack                                                              
20001dc4  __STACK_END                                                          
e000e000  ti_sysbios_family_arm_m3_Hwi_nvic                                    
ffffffff  __TI_pprof_out_hndl                                                  
ffffffff  __TI_prof_data_size                                                  
ffffffff  __TI_prof_data_start                                                 
ffffffff  __binit__                                                            
ffffffff  __c_args__                                                           
ffffffff  binit                                                                
UNDEFED   SHT$$INIT_ARRAY$$Base                                                
UNDEFED   SHT$$INIT_ARRAY$$Limit                                               

[638 symbols]
