******************************************************************************
                  TI ARM Linker Unix v16.9.1                   
******************************************************************************
>> Linked Tue Jun 20 09:27:34 2017

OUTPUT FILE NAME:   <DDL_LAB1_Fibonacci_Morse_Code.out>
ENTRY POINT SYMBOL: "_c_int00"  address: 000007ad


MEMORY CONFIGURATION

         name            origin    length      used     unused   attr    fill
----------------------  --------  ---------  --------  --------  ----  --------
  FLASH                 00000000   00040000  000009c6  0003f63a  R  X
  SRAM                  20000000   00008000  00000218  00007de8  RW X


SEGMENT ALLOCATION MAP

run origin  load origin   length   init length attrs members
----------  ----------- ---------- ----------- ----- -------
00000000    00000000    000009cc   000009cc    r-x
  00000000    00000000    0000026c   0000026c    r-- .intvecs
  0000026c    0000026c    00000736   00000736    r-x .text
  000009a8    000009a8    00000024   00000024    r-- .cinit
20000000    20000000    00000218   00000000    rw-
  20000000    20000000    00000200   00000000    rw- .stack
  20000200    20000200    00000018   00000000    rw- .data


SECTION ALLOCATION MAP

 output                                  attributes/
section   page    origin      length       input sections
--------  ----  ----------  ----------   ----------------
.intvecs   0    00000000    0000026c     
                  00000000    0000026c     tm4c123gh6pm_startup_ccs.obj (.intvecs)

.text      0    0000026c    00000736     
                  0000026c    000001a4     main.obj (.text)
                  00000410    00000132     driverlib.lib : gpio.obj (.text:GPIOPadConfigSet)
                  00000542    00000002     rtsv7M4_T_le_v4SPD16_eabi.lib : mpu_init.obj (.text)
                  00000544    000000f4     driverlib.lib : sysctl.obj (.text:SysCtlClockSet)
                  00000638    0000009c     rtsv7M4_T_le_v4SPD16_eabi.lib : memcpy_t2.obj (.text)
                  000006d4    00000070                                   : autoinit.obj (.text)
                  00000744    00000068                                   : copy_decompress_lzss.obj (.text:decompress:lzss)
                  000007ac    00000054                                   : boot.obj (.text)
                  00000800    00000054                                   : exit.obj (.text)
                  00000854    0000004c                                   : cpy_tbl.obj (.text)
                  000008a0    00000034     driverlib.lib : sysctl.obj (.text:SysCtlPeripheralEnable)
                  000008d4    00000034     fib.obj (.text)
                  00000908    0000002a     driverlib.lib : gpio.obj (.text:GPIODirModeSet)
                  00000932    00000018                   : gpio.obj (.text:GPIOPinTypeGPIOOutput)
                  0000094a    00000002     rtsv7M4_T_le_v4SPD16_eabi.lib : startup.obj (.text)
                  0000094c    00000018                                   : args_main.obj (.text)
                  00000964    00000014                                   : _lock.obj (.text)
                  00000978    0000000e                                   : copy_decompress_none.obj (.text:decompress:none)
                  00000986    0000000c     tm4c123gh6pm_startup_ccs.obj (.text)
                  00000992    00000006     driverlib.lib : gpio.obj (.text:GPIOPinWrite)
                  00000998    00000006                   : sysctl.obj (.text:SysCtlDelay)
                  0000099e    00000004     rtsv7M4_T_le_v4SPD16_eabi.lib : pre_init.obj (.text)

.cinit     0    000009a8    00000024     
                  000009a8    00000011     (.cinit..data.load) [load image, compression = lzss]
                  000009b9    00000003     --HOLE-- [fill = 0]
                  000009bc    00000008     (__TI_handler_table)
                  000009c4    00000008     (__TI_cinit_table)

.init_array 
*          0    00000000    00000000     UNINITIALIZED

.data      0    20000200    00000018     UNINITIALIZED
                  20000200    0000000c     rtsv7M4_T_le_v4SPD16_eabi.lib : exit.obj (.data:$O1$$)
                  2000020c    00000008                                   : _lock.obj (.data:$O1$$)
                  20000214    00000004                                   : stkdepth_vars.obj (.data)

.stack     0    20000000    00000200     UNINITIALIZED
                  20000000    00000200     --HOLE--

MODULE SUMMARY

       Module                         code   ro data   rw data
       ------                         ----   -------   -------
    ./
       tm4c123gh6pm_startup_ccs.obj   12     620       0      
       main.obj                       420    0         0      
       fib.obj                        52     0         0      
    +--+------------------------------+------+---------+---------+
       Total:                         484    620       0      
                                                              
    /Applications/ti/ccsv7/tools/compiler/ti-cgt-arm_16.9.1.LTS/lib/rtsv7M4_T_le_v4SPD16_eabi.lib
       memcpy_t2.obj                  156    0         0      
       autoinit.obj                   112    0         0      
       copy_decompress_lzss.obj       104    0         0      
       exit.obj                       84     0         12     
       boot.obj                       84     0         0      
       cpy_tbl.obj                    76     0         0      
       _lock.obj                      20     0         8      
       args_main.obj                  24     0         0      
       copy_decompress_none.obj       14     0         0      
       pre_init.obj                   4      0         0      
       stkdepth_vars.obj              0      0         4      
       mpu_init.obj                   2      0         0      
       startup.obj                    2      0         0      
    +--+------------------------------+------+---------+---------+
       Total:                         682    0         24     
                                                              
    /Users/yushen/ti/TivaWare_C_Series-2.1.3.156/driverlib/ccs/Debug/driverlib.lib
       gpio.obj                       378    0         0      
       sysctl.obj                     302    0         0      
    +--+------------------------------+------+---------+---------+
       Total:                         680    0         0      
                                                              
       Stack:                         0      0         512    
       Linker Generated:              0      33        0      
    +--+------------------------------+------+---------+---------+
       Grand Total:                   1846   653       536    


LINKER GENERATED COPY TABLES

__TI_cinit_table @ 000009c4 records: 1, size/record: 8, table size: 8
	.data: load addr=000009a8, load size=00000011 bytes, run addr=20000200, run size=00000018 bytes, compression=lzss


LINKER GENERATED HANDLER TABLE

__TI_handler_table @ 000009bc records: 2, size/record: 4, table size: 8
	index: 0, handler: __TI_decompress_lzss
	index: 1, handler: __TI_decompress_none


GLOBAL SYMBOLS: SORTED ALPHABETICALLY BY Name 

address   name                           
-------   ----                           
00000801  C$$EXIT                        
00000909  GPIODirModeSet                 
00000411  GPIOPadConfigSet               
00000933  GPIOPinTypeGPIOOutput          
00000993  GPIOPinWrite                   
00000987  ResetISR                       
UNDEFED   SHT$$INIT_ARRAY$$Base          
UNDEFED   SHT$$INIT_ARRAY$$Limit         
00000545  SysCtlClockSet                 
00000999  SysCtlDelay                    
000008a1  SysCtlPeripheralEnable         
20000200  __STACK_END                    
00000200  __STACK_SIZE                   
20000200  __STACK_TOP                    
000009c4  __TI_CINIT_Base                
000009cc  __TI_CINIT_Limit               
000009bc  __TI_Handler_Table_Base        
000009c4  __TI_Handler_Table_Limit       
000006d5  __TI_auto_init                 
20000200  __TI_cleanup_ptr               
00000745  __TI_decompress_lzss           
00000979  __TI_decompress_none           
20000204  __TI_dtors_ptr                 
20000208  __TI_enable_exit_profile_output
ffffffff  __TI_pprof_out_hndl            
ffffffff  __TI_prof_data_size            
ffffffff  __TI_prof_data_start           
00000000  __TI_static_base__             
00000639  __aeabi_memcpy                 
00000639  __aeabi_memcpy4                
00000639  __aeabi_memcpy8                
ffffffff  __binit__                      
ffffffff  __c_args__                     
00000543  __mpu_init                     
20000000  __stack                        
0000094d  _args_main                     
000007ad  _c_int00                       
2000020c  _lock                          
00000973  _nop                           
0000096b  _register_lock                 
00000965  _register_unlock               
0000094b  _system_post_cinit             
0000099f  _system_pre_init               
20000210  _unlock                        
00000805  abort                          
ffffffff  binit                          
000002e7  blink                          
0000038f  convert_to_morse               
00000855  copy_in                        
0000080d  exit                           
000008d5  fib                            
00000000  g_pfnVectors                   
0000026d  main                           
20000214  main_func_sp                   
00000639  memcpy                         


GLOBAL SYMBOLS: SORTED BY Symbol Address 

address   name                           
-------   ----                           
00000000  __TI_static_base__             
00000000  g_pfnVectors                   
00000200  __STACK_SIZE                   
0000026d  main                           
000002e7  blink                          
0000038f  convert_to_morse               
00000411  GPIOPadConfigSet               
00000543  __mpu_init                     
00000545  SysCtlClockSet                 
00000639  __aeabi_memcpy                 
00000639  __aeabi_memcpy4                
00000639  __aeabi_memcpy8                
00000639  memcpy                         
000006d5  __TI_auto_init                 
00000745  __TI_decompress_lzss           
000007ad  _c_int00                       
00000801  C$$EXIT                        
00000805  abort                          
0000080d  exit                           
00000855  copy_in                        
000008a1  SysCtlPeripheralEnable         
000008d5  fib                            
00000909  GPIODirModeSet                 
00000933  GPIOPinTypeGPIOOutput          
0000094b  _system_post_cinit             
0000094d  _args_main                     
00000965  _register_unlock               
0000096b  _register_lock                 
00000973  _nop                           
00000979  __TI_decompress_none           
00000987  ResetISR                       
00000993  GPIOPinWrite                   
00000999  SysCtlDelay                    
0000099f  _system_pre_init               
000009bc  __TI_Handler_Table_Base        
000009c4  __TI_CINIT_Base                
000009c4  __TI_Handler_Table_Limit       
000009cc  __TI_CINIT_Limit               
20000000  __stack                        
20000200  __STACK_END                    
20000200  __STACK_TOP                    
20000200  __TI_cleanup_ptr               
20000204  __TI_dtors_ptr                 
20000208  __TI_enable_exit_profile_output
2000020c  _lock                          
20000210  _unlock                        
20000214  main_func_sp                   
ffffffff  __TI_pprof_out_hndl            
ffffffff  __TI_prof_data_size            
ffffffff  __TI_prof_data_start           
ffffffff  __binit__                      
ffffffff  __c_args__                     
ffffffff  binit                          
UNDEFED   SHT$$INIT_ARRAY$$Base          
UNDEFED   SHT$$INIT_ARRAY$$Limit         

[55 symbols]
